Archive member included to satisfy reference by file (symbol)

/usr/lib/gcc/arm-none-eabi/10.3.1/../../../arm-none-eabi/lib/thumb/v7e-m/nofp/librdimon.a(rdimon-syscalls.o)
                              /usr/lib/gcc/arm-none-eabi/10.3.1/../../../arm-none-eabi/lib/thumb/v7e-m/nofp/rdimon-crt0.o (initialise_monitor_handles)
/usr/lib/gcc/arm-none-eabi/10.3.1/../../../arm-none-eabi/lib/thumb/v7e-m/nofp/libc.a(lib_a-atexit.o)
                              /usr/lib/gcc/arm-none-eabi/10.3.1/../../../arm-none-eabi/lib/thumb/v7e-m/nofp/rdimon-crt0.o (atexit)
/usr/lib/gcc/arm-none-eabi/10.3.1/../../../arm-none-eabi/lib/thumb/v7e-m/nofp/libc.a(lib_a-errno.o)
                              /usr/lib/gcc/arm-none-eabi/10.3.1/../../../arm-none-eabi/lib/thumb/v7e-m/nofp/librdimon.a(rdimon-syscalls.o) (__errno)
/usr/lib/gcc/arm-none-eabi/10.3.1/../../../arm-none-eabi/lib/thumb/v7e-m/nofp/libc.a(lib_a-exit.o)
                              /usr/lib/gcc/arm-none-eabi/10.3.1/../../../arm-none-eabi/lib/thumb/v7e-m/nofp/rdimon-crt0.o (exit)
/usr/lib/gcc/arm-none-eabi/10.3.1/../../../arm-none-eabi/lib/thumb/v7e-m/nofp/libc.a(lib_a-findfp.o)
                              /usr/lib/gcc/arm-none-eabi/10.3.1/../../../arm-none-eabi/lib/thumb/v7e-m/nofp/librdimon.a(rdimon-syscalls.o) (__sinit)
/usr/lib/gcc/arm-none-eabi/10.3.1/../../../arm-none-eabi/lib/thumb/v7e-m/nofp/libc.a(lib_a-fini.o)
                              /usr/lib/gcc/arm-none-eabi/10.3.1/../../../arm-none-eabi/lib/thumb/v7e-m/nofp/rdimon-crt0.o (__libc_fini_array)
/usr/lib/gcc/arm-none-eabi/10.3.1/../../../arm-none-eabi/lib/thumb/v7e-m/nofp/libc.a(lib_a-fwalk.o)
                              /usr/lib/gcc/arm-none-eabi/10.3.1/../../../arm-none-eabi/lib/thumb/v7e-m/nofp/libc.a(lib_a-findfp.o) (_fwalk)
/usr/lib/gcc/arm-none-eabi/10.3.1/../../../arm-none-eabi/lib/thumb/v7e-m/nofp/libc.a(lib_a-impure.o)
                              /usr/lib/gcc/arm-none-eabi/10.3.1/../../../arm-none-eabi/lib/thumb/v7e-m/nofp/libc.a(lib_a-exit.o) (_global_impure_ptr)
/usr/lib/gcc/arm-none-eabi/10.3.1/../../../arm-none-eabi/lib/thumb/v7e-m/nofp/libc.a(lib_a-init.o)
                              /usr/lib/gcc/arm-none-eabi/10.3.1/../../../arm-none-eabi/lib/thumb/v7e-m/nofp/rdimon-crt0.o (__libc_init_array)
/usr/lib/gcc/arm-none-eabi/10.3.1/../../../arm-none-eabi/lib/thumb/v7e-m/nofp/libc.a(lib_a-mallocr.o)
                              /usr/lib/gcc/arm-none-eabi/10.3.1/../../../arm-none-eabi/lib/thumb/v7e-m/nofp/libc.a(lib_a-findfp.o) (_malloc_r)
/usr/lib/gcc/arm-none-eabi/10.3.1/../../../arm-none-eabi/lib/thumb/v7e-m/nofp/libc.a(lib_a-memset.o)
                              /usr/lib/gcc/arm-none-eabi/10.3.1/../../../arm-none-eabi/lib/thumb/v7e-m/nofp/rdimon-crt0.o (memset)
/usr/lib/gcc/arm-none-eabi/10.3.1/../../../arm-none-eabi/lib/thumb/v7e-m/nofp/libc.a(lib_a-mlock.o)
                              /usr/lib/gcc/arm-none-eabi/10.3.1/../../../arm-none-eabi/lib/thumb/v7e-m/nofp/libc.a(lib_a-mallocr.o) (__malloc_lock)
/usr/lib/gcc/arm-none-eabi/10.3.1/../../../arm-none-eabi/lib/thumb/v7e-m/nofp/libc.a(lib_a-sbrkr.o)
                              /usr/lib/gcc/arm-none-eabi/10.3.1/../../../arm-none-eabi/lib/thumb/v7e-m/nofp/libc.a(lib_a-mallocr.o) (_sbrk_r)
/usr/lib/gcc/arm-none-eabi/10.3.1/../../../arm-none-eabi/lib/thumb/v7e-m/nofp/libc.a(lib_a-stdio.o)
                              /usr/lib/gcc/arm-none-eabi/10.3.1/../../../arm-none-eabi/lib/thumb/v7e-m/nofp/libc.a(lib_a-findfp.o) (__sread)
/usr/lib/gcc/arm-none-eabi/10.3.1/../../../arm-none-eabi/lib/thumb/v7e-m/nofp/libc.a(lib_a-strlen.o)
                              /usr/lib/gcc/arm-none-eabi/10.3.1/../../../arm-none-eabi/lib/thumb/v7e-m/nofp/librdimon.a(rdimon-syscalls.o) (strlen)
/usr/lib/gcc/arm-none-eabi/10.3.1/../../../arm-none-eabi/lib/thumb/v7e-m/nofp/libc.a(lib_a-writer.o)
                              /usr/lib/gcc/arm-none-eabi/10.3.1/../../../arm-none-eabi/lib/thumb/v7e-m/nofp/libc.a(lib_a-stdio.o) (_write_r)
/usr/lib/gcc/arm-none-eabi/10.3.1/../../../arm-none-eabi/lib/thumb/v7e-m/nofp/libc.a(lib_a-__atexit.o)
                              /usr/lib/gcc/arm-none-eabi/10.3.1/../../../arm-none-eabi/lib/thumb/v7e-m/nofp/libc.a(lib_a-atexit.o) (__register_exitproc)
/usr/lib/gcc/arm-none-eabi/10.3.1/../../../arm-none-eabi/lib/thumb/v7e-m/nofp/libc.a(lib_a-__call_atexit.o)
                              /usr/lib/gcc/arm-none-eabi/10.3.1/../../../arm-none-eabi/lib/thumb/v7e-m/nofp/libc.a(lib_a-exit.o) (__call_exitprocs)
/usr/lib/gcc/arm-none-eabi/10.3.1/../../../arm-none-eabi/lib/thumb/v7e-m/nofp/libc.a(lib_a-closer.o)
                              /usr/lib/gcc/arm-none-eabi/10.3.1/../../../arm-none-eabi/lib/thumb/v7e-m/nofp/libc.a(lib_a-stdio.o) (_close_r)
/usr/lib/gcc/arm-none-eabi/10.3.1/../../../arm-none-eabi/lib/thumb/v7e-m/nofp/libc.a(lib_a-fclose.o)
                              /usr/lib/gcc/arm-none-eabi/10.3.1/../../../arm-none-eabi/lib/thumb/v7e-m/nofp/libc.a(lib_a-findfp.o) (_fclose_r)
[...]
Memory Configuration

Name             Origin             Length             Attributes
FLASH            0x0000000000000000 0x0000000000200000 xr
RAM              0x0000000020000000 0x0000000000200000 xrw
*default*        0x0000000000000000 0xffffffffffffffff

Linker script and memory map

LOAD /usr/lib/gcc/arm-none-eabi/10.3.1/thumb/v7e-m/nofp/crti.o
LOAD /usr/lib/gcc/arm-none-eabi/10.3.1/thumb/v7e-m/nofp/crtbegin.o
LOAD /usr/lib/gcc/arm-none-eabi/10.3.1/../../../arm-none-eabi/lib/thumb/v7e-m/nofp/rdimon-crt0.o
LOAD /usr/lib/gcc/arm-none-eabi/10.3.1/../../../arm-none-eabi/lib/thumb/v7e-m/nofp/librdimon.a
LOAD /usr/lib/gcc/arm-none-eabi/10.3.1/../../../arm-none-eabi/lib/thumb/v7e-m/nofp/libm.a
LOAD /usr/lib/gcc/arm-none-eabi/10.3.1/../../../arm-none-eabi/lib/thumb/v7e-m/nofp/libc.a
LOAD /usr/lib/gcc/arm-none-eabi/10.3.1/thumb/v7e-m/nofp/libgcc.a
LOAD CMakeFiles/ipc_test.dir/startup_qemu.S.obj
LOAD CMakeFiles/ipc_test.dir/test_main.c.obj
LOAD CMakeFiles/ipc_test.dir/test_ipc.c.obj
LOAD CMakeFiles/ipc_test.dir/stubs.c.obj
LOAD CMakeFiles/ipc_test.dir/home/biswajex/DivyaDrishti/external/la9310-freertos/Source/portable/GCC/ARM_CM4/port.c.obj
LOAD CMakeFiles/ipc_test.dir/home/biswajex/DivyaDrishti/external/la9310-freertos/Source/portable/MemMang/heap_2.c.obj
LOAD CMakeFiles/ipc_test.dir/home/biswajex/DivyaDrishti/external/la9310-freertos/Source/croutine.c.obj
LOAD CMakeFiles/ipc_test.dir/home/biswajex/DivyaDrishti/external/la9310-freertos/Source/event_groups.c.obj
LOAD CMakeFiles/ipc_test.dir/home/biswajex/DivyaDrishti/external/la9310-freertos/Source/list.c.obj
LOAD CMakeFiles/ipc_test.dir/home/biswajex/DivyaDrishti/external/la9310-freertos/Source/queue.c.obj
LOAD CMakeFiles/ipc_test.dir/home/biswajex/DivyaDrishti/external/la9310-freertos/Source/tasks.c.obj
LOAD CMakeFiles/ipc_test.dir/home/biswajex/DivyaDrishti/external/la9310-freertos/Source/timers.c.obj
LOAD CMakeFiles/ipc_test.dir/home/biswajex/DivyaDrishti/external/la9310-freertos/Demo/CORTEX_M4_NXP_LA9310_GCC/ipiQueue.c.obj
LOAD CMakeFiles/ipc_test.dir/home/biswajex/DivyaDrishti/external/la9310-freertos/Demo/CORTEX_M4_NXP_LA9310_GCC/ms_procx_comm.c.obj
LOAD CMakeFiles/ipc_test.dir/home/biswajex/DivyaDrishti/external/la9310-freertos/Demo/CORTEX_M4_NXP_LA9310_GCC/ms_l1_controller_fwk.c.obj
LOAD CMakeFiles/ipc_test.dir/home/biswajex/DivyaDrishti/external/la9310-freertos/Demo/CORTEX_M4_NXP_LA9310_GCC/ms_globals.c.obj
LOAD CMakeFiles/ipc_test.dir/home/biswajex/DivyaDrishti/external/la9310-freertos/Demo/CORTEX_M4_NXP_LA9310_GCC/ms_logger.c.obj
LOAD CMakeFiles/ipc_test.dir/home/biswajex/DivyaDrishti/external/la9310-freertos/Demo/CORTEX_M4_NXP_LA9310_GCC/freertos_compat.c.obj
START GROUP
LOAD ../../../../../../../Platform/PAL/install/pal/freertos-cm4/lib/libPAL.a
END GROUP
START GROUP
LOAD /usr/lib/gcc/arm-none-eabi/10.3.1/thumb/v7e-m/nofp/libgcc.a
LOAD /usr/lib/gcc/arm-none-eabi/10.3.1/../../../arm-none-eabi/lib/thumb/v7e-m/nofp/libg.a
LOAD /usr/lib/gcc/arm-none-eabi/10.3.1/../../../arm-none-eabi/lib/thumb/v7e-m/nofp/libc.a
END GROUP
START GROUP
LOAD /usr/lib/gcc/arm-none-eabi/10.3.1/thumb/v7e-m/nofp/libgcc.a
LOAD /usr/lib/gcc/arm-none-eabi/10.3.1/../../../arm-none-eabi/lib/thumb/v7e-m/nofp/libc.a
LOAD /usr/lib/gcc/arm-none-eabi/10.3.1/../../../arm-none-eabi/lib/thumb/v7e-m/nofp/librdimon.a
END GROUP
LOAD /usr/lib/gcc/arm-none-eabi/10.3.1/thumb/v7e-m/nofp/crtend.o
LOAD /usr/lib/gcc/arm-none-eabi/10.3.1/thumb/v7e-m/nofp/crtn.o
                0x0000000020200000                _estack = (ORIGIN (RAM) + LENGTH (RAM))

.isr_vector     0x0000000000000000      0x400
                0x0000000000000000                . = ALIGN (0x4)
 *(.isr_vector)
 .isr_vector    0x0000000000000000      0x400 CMakeFiles/ipc_test.dir/startup_qemu.S.obj
                0x0000000000000400                . = ALIGN (0x4)

.text           0x0000000000000400     0xc0e4
                0x0000000000000400                . = ALIGN (0x4)
 *(.text)
 .text          0x0000000000000400      0xa08 /usr/lib/gcc/arm-none-eabi/10.3.1/../../../arm-none-eabi/lib/thumb/v7e-m/nofp/librdimon.a(rdimon-syscalls.o)
                0x0000000000000400                _swiread
                0x000000000000043c                _read
                0x00000000000004cc                _swilseek
                0x00000000000005b0                _lseek
                0x00000000000005b4                _swiwrite
                0x00000000000005f0                _write
                0x00000000000006ac                _swiclose
                0x00000000000006e4                _close
                0x000000000000077c                _getpid
                0x0000000000000780                _sbrk
                0x00000000000007d0                _swistat
                0x0000000000000850                _fstat
                0x000000000000086c                _stat
                0x00000000000008a8                _swiopen
                0x0000000000000974                _open
                0x0000000000000988                _get_semihosting_exts
                0x0000000000000a98                _has_ext_exit_extended
                0x0000000000000ad8                _has_ext_stdout_stderr
                0x0000000000000b18                initialise_monitor_handles
                0x0000000000000c44                _link
                0x0000000000000c54                _unlink
                0x0000000000000c94                _gettimeofday
                0x0000000000000cbc                _clock
                0x0000000000000cd0                _times
                0x0000000000000cf0                _isatty
                0x0000000000000d58                _system
                0x0000000000000db4                _rename
 .text          0x0000000000000e08        0xc /usr/lib/gcc/arm-none-eabi/10.3.1/../../../arm-none-eabi/lib/thumb/v7e-m/nofp/libc.a(lib_a-errno.o)
                0x0000000000000e08                __errno
 .text          0x0000000000000e14      0x218 /usr/lib/gcc/arm-none-eabi/10.3.1/../../../arm-none-eabi/lib/thumb/v7e-m/nofp/libc.a(lib_a-findfp.o)
                0x0000000000000e18                _cleanup_r
                0x0000000000000f00                __sfmoreglue
                0x0000000000000f30                __sfp
                0x0000000000000fd8                _cleanup
                0x0000000000000fec                __sinit
                0x0000000000000ff4                __sfp_lock_acquire
                0x0000000000000ff8                __sfp_lock_release
                0x0000000000000ffc                __sinit_lock_acquire
                0x0000000000001000                __sinit_lock_release
                0x0000000000001004                __fp_lock_all
                0x0000000000001018                __fp_unlock_all
 .text          0x000000000000102c       0x88 /usr/lib/gcc/arm-none-eabi/10.3.1/../../../arm-none-eabi/lib/thumb/v7e-m/nofp/libc.a(lib_a-fwalk.o)
                0x000000000000102c                _fwalk
                0x000000000000106c                _fwalk_reent
 .text          0x00000000000010b4      0x554 /usr/lib/gcc/arm-none-eabi/10.3.1/../../../arm-none-eabi/lib/thumb/v7e-m/nofp/libc.a(lib_a-mallocr.o)
                0x00000000000010b4                _malloc_r
 .text          0x0000000000001608       0xa4 /usr/lib/gcc/arm-none-eabi/10.3.1/../../../arm-none-eabi/lib/thumb/v7e-m/nofp/libc.a(lib_a-memset.o)
                0x0000000000001608                memset
 .text          0x00000000000016ac        0x8 /usr/lib/gcc/arm-none-eabi/10.3.1/../../../arm-none-eabi/lib/thumb/v7e-m/nofp/libc.a(lib_a-mlock.o)
                0x00000000000016ac                __malloc_lock
                0x00000000000016b0                __malloc_unlock
 .text          0x00000000000016b4       0x24 /usr/lib/gcc/arm-none-eabi/10.3.1/../../../arm-none-eabi/lib/thumb/v7e-m/nofp/libc.a(lib_a-sbrkr.o)
                0x00000000000016b4                _sbrk_r
 .text          0x00000000000016d8       0x90 /usr/lib/gcc/arm-none-eabi/10.3.1/../../../arm-none-eabi/lib/thumb/v7e-m/nofp/libc.a(lib_a-stdio.o)
                0x00000000000016d8                __sread
                0x00000000000016fc                __seofread
                0x0000000000001700                __swrite
                0x0000000000001740                __sseek
                0x0000000000001760                __sclose
 *fill*         0x0000000000001768       0x18 
 .text          0x0000000000001780       0xdc /usr/lib/gcc/arm-none-eabi/10.3.1/../../../arm-none-eabi/lib/thumb/v7e-m/nofp/libc.a(lib_a-strlen.o)
                0x0000000000001780                strlen
 .text          0x000000000000185c       0x2c /usr/lib/gcc/arm-none-eabi/10.3.1/../../../arm-none-eabi/lib/thumb/v7e-m/nofp/libc.a(lib_a-writer.o)
                0x000000000000185c                _write_r
 .text          0x0000000000001888       0x24 /usr/lib/gcc/arm-none-eabi/10.3.1/../../../arm-none-eabi/lib/thumb/v7e-m/nofp/libc.a(lib_a-closer.o)
                0x0000000000001888                _close_r
 .text          0x00000000000018ac       0xd4 /usr/lib/gcc/arm-none-eabi/10.3.1/../../../arm-none-eabi/lib/thumb/v7e-m/nofp/libc.a(lib_a-fclose.o)
                0x0000000000001910                _fclose_r
                0x0000000000001944                fclose
 .text          0x0000000000001980      0x19c /usr/lib/gcc/arm-none-eabi/10.3.1/../../../arm-none-eabi/lib/thumb/v7e-m/nofp/libc.a(lib_a-fflush.o)
                0x0000000000001980                __sflush_r
                0x0000000000001aa0                _fflush_r
                0x0000000000001acc                fflush
 .text          0x0000000000001b1c      0x2ac /usr/lib/gcc/arm-none-eabi/10.3.1/../../../arm-none-eabi/lib/thumb/v7e-m/nofp/libc.a(lib_a-freer.o)
                0x0000000000001b1c                _malloc_trim_r
                0x0000000000001bbc                _free_r
 .text          0x0000000000001dc8       0x2c /usr/lib/gcc/arm-none-eabi/10.3.1/../../../arm-none-eabi/lib/thumb/v7e-m/nofp/libc.a(lib_a-lseekr.o)
                0x0000000000001dc8                _lseek_r
 .text          0x0000000000001df4       0x2c /usr/lib/gcc/arm-none-eabi/10.3.1/../../../arm-none-eabi/lib/thumb/v7e-m/nofp/libc.a(lib_a-readr.o)
                0x0000000000001df4                _read_r
 .text          0x0000000000001e20       0x58 CMakeFiles/ipc_test.dir/startup_qemu.S.obj
                0x0000000000001e20                Reset_Handler
                0x0000000000001e52                NMI_Handler
                0x0000000000001e54                HardFault_Handler
                0x0000000000001e56                MemManage_Handler
                0x0000000000001e58                BusFault_Handler
                0x0000000000001e5a                UsageFault_Handler
                0x0000000000001e5c                DebugMon_Handler
                0x0000000000001e5e                Default_Handler
 .text          0x0000000000001e78      0x48a ../../../../../../../Platform/PAL/install/pal/freertos-cm4/lib/libPAL.a(pal_msgq.c.obj)
                0x0000000000001f12                pal_msgq_create
                0x0000000000001f9e                pal_msgq_remove
                0x0000000000002002                pal_msgq_flush
                0x0000000000002064                pal_msgq_send
                0x00000000000020e8                pal_msgq_receive
                0x000000000000218c                pal_msgq_check_waiting
                0x000000000000221e                pal_msgq_get_fd
                0x0000000000002234                pal_msgq_show_all
                0x0000000000002242                pal_msgq_show_all_detailed
                0x0000000000002250                pal_msgq_show_info
                0x0000000000002264                pal_msgq_show_ids
                0x0000000000002272                pal_msgq_get_max_num_msg_qs
                0x0000000000002280                pal_msgq_get_qd_msgs
                0x00000000000022ee                pal_msgq_unlink
 .text          0x0000000000002302      0x47e ../../../../../../../Platform/PAL/install/pal/freertos-cm4/lib/libPAL.a(pal_sem.c.obj)
                0x000000000000239c                pal_sem_create
                0x0000000000002490                pal_sem_remove
                0x00000000000024f4                pal_sem_unlink
                0x0000000000002508                pal_sem_lock
                0x0000000000002598                pal_sem_trylock
                0x00000000000025b2                pal_sem_release
                0x0000000000002638                pal_sem_getvalue
                0x00000000000026a8                pal_mutex_create
                0x00000000000026c8                pal_mutex_lock
                0x00000000000026e4                pal_mutex_release
                0x00000000000026fc                pal_sem_show_ids
                0x000000000000270a                pal_sem_show_all
                0x0000000000002718                pal_sem_get_os_handle
 .text          0x0000000000002780      0x1e4 ../../../../../../../Platform/PAL/install/pal/freertos-cm4/lib/libPAL.a(pmsgq.c.obj)
                0x0000000000002780                pmsgq_allocate
                0x0000000000002808                pmsgq_free
                0x0000000000002844                pmsgq_new
                0x00000000000028ac                pmsgq_get
                0x0000000000002904                pmsgq_delete
 .text          0x0000000000002964      0x1dc ../../../../../../../Platform/PAL/install/pal/freertos-cm4/lib/libPAL.a(psem.c.obj)
                0x0000000000002964                psem_allocate
                0x00000000000029f4                psem_free
                0x0000000000002a30                psem_new
                0x0000000000002a94                psem_get
                0x0000000000002ae0                psem_delete
 .text          0x0000000000002b40       0x30 /usr/lib/gcc/arm-none-eabi/10.3.1/thumb/v7e-m/nofp/libgcc.a(_aeabi_uldivmod.o)
                0x0000000000002b40                __aeabi_uldivmod
 .text          0x0000000000002b70      0x2d0 /usr/lib/gcc/arm-none-eabi/10.3.1/thumb/v7e-m/nofp/libgcc.a(_udivmoddi4.o)
                0x0000000000002b70                __udivmoddi4
 .text          0x0000000000002e40        0x4 /usr/lib/gcc/arm-none-eabi/10.3.1/thumb/v7e-m/nofp/libgcc.a(_dvmd_tls.o)
                0x0000000000002e40                __aeabi_ldiv0
                0x0000000000002e40                __aeabi_idiv0
 .text          0x0000000000002e44       0x4c /usr/lib/gcc/arm-none-eabi/10.3.1/../../../arm-none-eabi/lib/thumb/v7e-m/nofp/libg.a(lib_a-assert.o)
                0x0000000000002e44                __assert_func
                0x0000000000002e84                __assert
 .text          0x0000000000002e90       0x44 /usr/lib/gcc/arm-none-eabi/10.3.1/../../../arm-none-eabi/lib/thumb/v7e-m/nofp/libg.a(lib_a-fiprintf.o)
                0x0000000000002e90                _fiprintf_r
                0x0000000000002eac                fiprintf
 .text          0x0000000000002ed4      0x134 /usr/lib/gcc/arm-none-eabi/10.3.1/../../../arm-none-eabi/lib/thumb/v7e-m/nofp/libg.a(lib_a-memcpy.o)
                0x0000000000002ed4                memcpy
 .text          0x0000000000003008      0x174 /usr/lib/gcc/arm-none-eabi/10.3.1/../../../arm-none-eabi/lib/thumb/v7e-m/nofp/libg.a(lib_a-setvbuf.o)
                0x0000000000003008                setvbuf
 .text          0x000000000000317c       0x64 /usr/lib/gcc/arm-none-eabi/10.3.1/../../../arm-none-eabi/lib/thumb/v7e-m/nofp/libg.a(lib_a-strncpy.o)
                0x000000000000317c                strncpy
 .text          0x00000000000031e0      0xd40 /usr/lib/gcc/arm-none-eabi/10.3.1/../../../arm-none-eabi/lib/thumb/v7e-m/nofp/libg.a(lib_a-vfiprintf.o)
                0x0000000000003258                __sprint_r
                0x000000000000326c                _vfiprintf_r
                0x0000000000003e9c                vfiprintf
 .text          0x0000000000003f20       0x20 /usr/lib/gcc/arm-none-eabi/10.3.1/../../../arm-none-eabi/lib/thumb/v7e-m/nofp/libg.a(lib_a-vprintf.o)
                0x0000000000003f20                vprintf
                0x0000000000003f34                _vprintf_r
 .text          0x0000000000003f40       0xd4 /usr/lib/gcc/arm-none-eabi/10.3.1/../../../arm-none-eabi/lib/thumb/v7e-m/nofp/libg.a(lib_a-wsetup.o)
                0x0000000000003f40                __swsetup_r
 .text          0x0000000000004014       0x10 /usr/lib/gcc/arm-none-eabi/10.3.1/../../../arm-none-eabi/lib/thumb/v7e-m/nofp/libg.a(lib_a-abort.o)
                0x0000000000004014                abort
 .text          0x0000000000004024      0x10c /usr/lib/gcc/arm-none-eabi/10.3.1/../../../arm-none-eabi/lib/thumb/v7e-m/nofp/libg.a(lib_a-fputwc.o)
                0x0000000000004024                __fputwc
                0x00000000000040cc                _fputwc_r
                0x00000000000040f0                fputwc
 .text          0x0000000000004130      0x2e8 /usr/lib/gcc/arm-none-eabi/10.3.1/../../../arm-none-eabi/lib/thumb/v7e-m/nofp/libg.a(lib_a-fvwrite.o)
                0x0000000000004130                __sfvwrite_r
 .text          0x0000000000004418       0x8c /usr/lib/gcc/arm-none-eabi/10.3.1/../../../arm-none-eabi/lib/thumb/v7e-m/nofp/libg.a(lib_a-locale.o)
                0x0000000000004418                _setlocale_r
                0x0000000000004458                __locale_mb_cur_max
                0x0000000000004464                setlocale
 .text          0x00000000000044a4      0x140 /usr/lib/gcc/arm-none-eabi/10.3.1/../../../arm-none-eabi/lib/thumb/v7e-m/nofp/libg.a(lib_a-makebuf.o)
                0x00000000000044a4                __smakebuf_r
                0x0000000000004584                __swhatbuf_r
 .text          0x00000000000045e4       0x20 /usr/lib/gcc/arm-none-eabi/10.3.1/../../../arm-none-eabi/lib/thumb/v7e-m/nofp/libg.a(lib_a-malloc.o)
                0x00000000000045e4                malloc
                0x00000000000045f4                free
 .text          0x0000000000004604       0x40 /usr/lib/gcc/arm-none-eabi/10.3.1/../../../arm-none-eabi/lib/thumb/v7e-m/nofp/libg.a(lib_a-mbtowc_r.o)
                0x0000000000004604                _mbtowc_r
                0x0000000000004618                __ascii_mbtowc
 *fill*         0x0000000000004644        0xc 
 .text          0x0000000000004650       0xa0 /usr/lib/gcc/arm-none-eabi/10.3.1/../../../arm-none-eabi/lib/thumb/v7e-m/nofp/libg.a(lib_a-memchr.o)
                0x0000000000004650                memchr
 .text          0x00000000000046f0       0xf8 /usr/lib/gcc/arm-none-eabi/10.3.1/../../../arm-none-eabi/lib/thumb/v7e-m/nofp/libg.a(lib_a-memmove.o)
                0x00000000000046f0                memmove
 .text          0x00000000000047e8      0x3d8 /usr/lib/gcc/arm-none-eabi/10.3.1/../../../arm-none-eabi/lib/thumb/v7e-m/nofp/libg.a(lib_a-reallocr.o)
                0x00000000000047e8                _realloc_r
 .text          0x0000000000004bc0      0x288 /usr/lib/gcc/arm-none-eabi/10.3.1/../../../arm-none-eabi/lib/thumb/v7e-m/nofp/libg.a(lib_a-signal.o)
                0x0000000000004bc0                _init_signal_r
                0x0000000000004bf0                _signal_r
                0x0000000000004c3c                _raise_r
                0x0000000000004c94                __sigtramp_r
                0x0000000000004cf8                raise
                0x0000000000004d54                signal
                0x0000000000004da8                _init_signal
                0x0000000000004de0                __sigtramp
 .text          0x0000000000004e48       0x30 /usr/lib/gcc/arm-none-eabi/10.3.1/../../../arm-none-eabi/lib/thumb/v7e-m/nofp/libg.a(lib_a-signalr.o)
                0x0000000000004e48                _kill_r
                0x0000000000004e74                _getpid_r
 *fill*         0x0000000000004e78        0x8 
 .text          0x0000000000004e80      0x2dc /usr/lib/gcc/arm-none-eabi/10.3.1/../../../arm-none-eabi/lib/thumb/v7e-m/nofp/libg.a(lib_a-strcmp.o)
                0x0000000000004e88                strcmp
 .text          0x000000000000515c     0x1524 /usr/lib/gcc/arm-none-eabi/10.3.1/../../../arm-none-eabi/lib/thumb/v7e-m/nofp/libg.a(lib_a-vfprintf.o)
                0x000000000000515c                _vfprintf_r
                0x00000000000065fc                vfprintf
 .text          0x0000000000006680       0xc8 /usr/lib/gcc/arm-none-eabi/10.3.1/../../../arm-none-eabi/lib/thumb/v7e-m/nofp/libg.a(lib_a-wbuf.o)
                0x0000000000006680                __swbuf_r
                0x0000000000006730                __swbuf
 .text          0x0000000000006748       0x8c /usr/lib/gcc/arm-none-eabi/10.3.1/../../../arm-none-eabi/lib/thumb/v7e-m/nofp/libg.a(lib_a-wcrtomb.o)
                0x0000000000006748                _wcrtomb_r
                0x0000000000006784                wcrtomb
 .text          0x00000000000067d4       0x30 /usr/lib/gcc/arm-none-eabi/10.3.1/../../../arm-none-eabi/lib/thumb/v7e-m/nofp/libg.a(lib_a-wctomb_r.o)
                0x00000000000067d4                _wctomb_r
                0x00000000000067e8                __ascii_wctomb
 *fill*         0x0000000000006804        0x4 
 .text          0x0000000000006808      0xfe4 /usr/lib/gcc/arm-none-eabi/10.3.1/../../../arm-none-eabi/lib/thumb/v7e-m/nofp/libg.a(lib_a-dtoa.o)
                0x000000000000692c                _dtoa_r
 .text          0x00000000000077ec       0x2c /usr/lib/gcc/arm-none-eabi/10.3.1/../../../arm-none-eabi/lib/thumb/v7e-m/nofp/libg.a(lib_a-fstatr.o)
                0x00000000000077ec                _fstat_r
 .text          0x0000000000007818       0x24 /usr/lib/gcc/arm-none-eabi/10.3.1/../../../arm-none-eabi/lib/thumb/v7e-m/nofp/libg.a(lib_a-isattyr.o)
                0x0000000000007818                _isatty_r
 .text          0x000000000000783c       0x14 /usr/lib/gcc/arm-none-eabi/10.3.1/../../../arm-none-eabi/lib/thumb/v7e-m/nofp/libg.a(lib_a-localeconv.o)
                0x000000000000783c                __localeconv_l
                0x0000000000007840                _localeconv_r
                0x0000000000007848                localeconv
 .text          0x0000000000007850      0xa6c /usr/lib/gcc/arm-none-eabi/10.3.1/../../../arm-none-eabi/lib/thumb/v7e-m/nofp/libg.a(lib_a-mprec.o)
                0x0000000000007850                _Balloc
                0x000000000000789c                _Bfree
                0x00000000000078b0                __multadd
                0x0000000000007950                __s2b
                0x0000000000007a04                __hi0bits
                0x0000000000007a44                __lo0bits
                0x0000000000007aa0                __i2b
                0x0000000000007afc                __multiply
                0x0000000000007c58                __pow5mult
                0x0000000000007d18                __lshift
                0x0000000000007e08                __mcmp
                0x0000000000007e48                __mdiff
                0x0000000000007f94                __ulp
                0x0000000000007fd8                __b2d
                0x00000000000080a8                __d2b
                0x000000000000816c                __ratio
                0x00000000000081c8                _mprec_log10
                0x0000000000008200                __copybits
                0x000000000000825c                __any_on
 .text          0x00000000000082bc       0x60 /usr/lib/gcc/arm-none-eabi/10.3.1/../../../arm-none-eabi/lib/thumb/v7e-m/nofp/libg.a(lib_a-callocr.o)
                0x00000000000082bc                _calloc_r
 .text          0x000000000000831c      0x378 /usr/lib/gcc/arm-none-eabi/10.3.1/thumb/v7e-m/nofp/libgcc.a(_arm_addsubdf3.o)
                0x000000000000831c                __aeabi_drsub
                0x0000000000008324                __aeabi_dsub
                0x0000000000008324                __subdf3
                0x0000000000008328                __adddf3
                0x0000000000008328                __aeabi_dadd
                0x00000000000085a0                __aeabi_ui2d
                0x00000000000085a0                __floatunsidf
                0x00000000000085c0                __floatsidf
                0x00000000000085c0                __aeabi_i2d
                0x00000000000085e4                __extendsfdf2
                0x00000000000085e4                __aeabi_f2d
                0x0000000000008628                __aeabi_ul2d
                0x0000000000008628                __floatundidf
                0x0000000000008638                __floatdidf
                0x0000000000008638                __aeabi_l2d
 .text          0x0000000000008694      0x424 /usr/lib/gcc/arm-none-eabi/10.3.1/thumb/v7e-m/nofp/libgcc.a(_arm_muldivdf3.o)
                0x0000000000008694                __aeabi_dmul
                0x0000000000008694                __muldf3
                0x00000000000088e8                __aeabi_ddiv
                0x00000000000088e8                __divdf3
 .text          0x0000000000008ab8      0x110 /usr/lib/gcc/arm-none-eabi/10.3.1/thumb/v7e-m/nofp/libgcc.a(_arm_cmpdf2.o)
                0x0000000000008ab8                __gtdf2
                0x0000000000008ab8                __gedf2
                0x0000000000008ac0                __ltdf2
                0x0000000000008ac0                __ledf2
                0x0000000000008ac8                __cmpdf2
                0x0000000000008ac8                __eqdf2
                0x0000000000008ac8                __nedf2
                0x0000000000008b44                __aeabi_cdrcmple
                0x0000000000008b54                __aeabi_cdcmple
                0x0000000000008b54                __aeabi_cdcmpeq
                0x0000000000008b64                __aeabi_dcmpeq
                0x0000000000008b78                __aeabi_dcmplt
                0x0000000000008b8c                __aeabi_dcmple
                0x0000000000008ba0                __aeabi_dcmpge
                0x0000000000008bb4                __aeabi_dcmpgt
 .text          0x0000000000008bc8       0x2c /usr/lib/gcc/arm-none-eabi/10.3.1/thumb/v7e-m/nofp/libgcc.a(_arm_unorddf2.o)
                0x0000000000008bc8                __aeabi_dcmpun
                0x0000000000008bc8                __unorddf2
 .text          0x0000000000008bf4       0x50 /usr/lib/gcc/arm-none-eabi/10.3.1/thumb/v7e-m/nofp/libgcc.a(_arm_fixdfsi.o)
                0x0000000000008bf4                __fixdfsi
                0x0000000000008bf4                __aeabi_d2iz
 .text          0x0000000000008c44       0x14 /usr/lib/gcc/arm-none-eabi/10.3.1/../../../arm-none-eabi/lib/thumb/v7e-m/nofp/librdimon.a(rdimon-_exit.o)
                0x0000000000008c44                _exit
 .text          0x0000000000008c58       0x4c /usr/lib/gcc/arm-none-eabi/10.3.1/../../../arm-none-eabi/lib/thumb/v7e-m/nofp/librdimon.a(rdimon-_kill.o)
                0x0000000000008c58                _kill_shared
                0x0000000000008c88                _kill
 *(.text*)
 .text.test_runner_task
                0x0000000000008ca4       0x60 CMakeFiles/ipc_test.dir/test_main.c.obj
 .text.startup.main
                0x0000000000008d04       0x4c CMakeFiles/ipc_test.dir/test_main.c.obj
                0x0000000000008d04                main
 .text.t1_callback
                0x0000000000008d50       0x24 CMakeFiles/ipc_test.dir/test_ipc.c.obj
 .text.consumer_task
                0x0000000000008d74       0x5c CMakeFiles/ipc_test.dir/test_ipc.c.obj
 .text.test_ipc_run_all
                0x0000000000008dd0      0x2d4 CMakeFiles/ipc_test.dir/test_ipc.c.obj
                0x0000000000008dd0                test_ipc_run_all
 .text.debug_printf
                0x00000000000090a4       0x1c CMakeFiles/ipc_test.dir/stubs.c.obj
                0x00000000000090a4                debug_printf
 .text.prvTaskExitError
                0x00000000000090c0       0x30 CMakeFiles/ipc_test.dir/home/biswajex/DivyaDrishti/external/la9310-freertos/Source/portable/GCC/ARM_CM4/port.c.obj
 .text.prvPortStartFirstTask
                0x00000000000090f0       0x20 CMakeFiles/ipc_test.dir/home/biswajex/DivyaDrishti/external/la9310-freertos/Source/portable/GCC/ARM_CM4/port.c.obj
 .text.pxPortInitialiseStack
                0x0000000000009110       0x24 CMakeFiles/ipc_test.dir/home/biswajex/DivyaDrishti/external/la9310-freertos/Source/portable/GCC/ARM_CM4/port.c.obj
                0x0000000000009110                pxPortInitialiseStack
 *fill*         0x0000000000009134        0xc 
 .text.SVC_Handler
                0x0000000000009140       0x24 CMakeFiles/ipc_test.dir/home/biswajex/DivyaDrishti/external/la9310-freertos/Source/portable/GCC/ARM_CM4/port.c.obj
                0x0000000000009140                SVC_Handler
 .text.vPortEnterCritical
                0x0000000000009164       0x44 CMakeFiles/ipc_test.dir/home/biswajex/DivyaDrishti/external/la9310-freertos/Source/portable/GCC/ARM_CM4/port.c.obj
                0x0000000000009164                vPortEnterCritical
 .text.vPortExitCritical
                0x00000000000091a8       0x28 CMakeFiles/ipc_test.dir/home/biswajex/DivyaDrishti/external/la9310-freertos/Source/portable/GCC/ARM_CM4/port.c.obj
                0x00000000000091a8                vPortExitCritical
 .text.PendSV_Handler
                0x00000000000091d0       0x54 CMakeFiles/ipc_test.dir/home/biswajex/DivyaDrishti/external/la9310-freertos/Source/portable/GCC/ARM_CM4/port.c.obj
                0x00000000000091d0                PendSV_Handler
 .text.SysTick_Handler
                0x0000000000009224       0x2c CMakeFiles/ipc_test.dir/home/biswajex/DivyaDrishti/external/la9310-freertos/Source/portable/GCC/ARM_CM4/port.c.obj
                0x0000000000009224                SysTick_Handler
 .text.vPortSetupTimerInterrupt
                0x0000000000009250       0x10 CMakeFiles/ipc_test.dir/home/biswajex/DivyaDrishti/external/la9310-freertos/Source/portable/GCC/ARM_CM4/port.c.obj
                0x0000000000009250                vPortSetupTimerInterrupt
 .text.xPortStartScheduler
                0x0000000000009260       0x9c CMakeFiles/ipc_test.dir/home/biswajex/DivyaDrishti/external/la9310-freertos/Source/portable/GCC/ARM_CM4/port.c.obj
                0x0000000000009260                xPortStartScheduler
 .text.pvPortMalloc
                0x00000000000092fc       0xbc CMakeFiles/ipc_test.dir/home/biswajex/DivyaDrishti/external/la9310-freertos/Source/portable/MemMang/heap_2.c.obj
                0x00000000000092fc                pvPortMalloc
 .text.vPortFree
                0x00000000000093b8       0x44 CMakeFiles/ipc_test.dir/home/biswajex/DivyaDrishti/external/la9310-freertos/Source/portable/MemMang/heap_2.c.obj
                0x00000000000093b8                vPortFree
 .text.vListInitialise
                0x00000000000093fc       0x18 CMakeFiles/ipc_test.dir/home/biswajex/DivyaDrishti/external/la9310-freertos/Source/list.c.obj
                0x00000000000093fc                vListInitialise
 .text.vListInitialiseItem
                0x0000000000009414        0x8 CMakeFiles/ipc_test.dir/home/biswajex/DivyaDrishti/external/la9310-freertos/Source/list.c.obj
                0x0000000000009414                vListInitialiseItem
 .text.vListInsertEnd
                0x000000000000941c       0x18 CMakeFiles/ipc_test.dir/home/biswajex/DivyaDrishti/external/la9310-freertos/Source/list.c.obj
                0x000000000000941c                vListInsertEnd
 .text.vListInsert
                0x0000000000009434       0x30 CMakeFiles/ipc_test.dir/home/biswajex/DivyaDrishti/external/la9310-freertos/Source/list.c.obj
                0x0000000000009434                vListInsert
 .text.uxListRemove
                0x0000000000009464       0x24 CMakeFiles/ipc_test.dir/home/biswajex/DivyaDrishti/external/la9310-freertos/Source/list.c.obj
                0x0000000000009464                uxListRemove
 .text.prvCopyDataToQueue
                0x0000000000009488       0x78 CMakeFiles/ipc_test.dir/home/biswajex/DivyaDrishti/external/la9310-freertos/Source/queue.c.obj
 .text.prvNotifyQueueSetContainer
                0x0000000000009500       0x7c CMakeFiles/ipc_test.dir/home/biswajex/DivyaDrishti/external/la9310-freertos/Source/queue.c.obj
 .text.prvUnlockQueue
                0x000000000000957c      0x120 CMakeFiles/ipc_test.dir/home/biswajex/DivyaDrishti/external/la9310-freertos/Source/queue.c.obj
 .text.xQueueGenericReset
                0x000000000000969c       0x8c CMakeFiles/ipc_test.dir/home/biswajex/DivyaDrishti/external/la9310-freertos/Source/queue.c.obj
                0x000000000000969c                xQueueGenericReset
 .text.xQueueGenericCreate
                0x0000000000009728       0x8c CMakeFiles/ipc_test.dir/home/biswajex/DivyaDrishti/external/la9310-freertos/Source/queue.c.obj
                0x0000000000009728                xQueueGenericCreate
 .text.xQueueCreateCountingSemaphore
                0x00000000000097b4       0x84 CMakeFiles/ipc_test.dir/home/biswajex/DivyaDrishti/external/la9310-freertos/Source/queue.c.obj
                0x00000000000097b4                xQueueCreateCountingSemaphore
 .text.xQueueGenericSend
                0x0000000000009838      0x194 CMakeFiles/ipc_test.dir/home/biswajex/DivyaDrishti/external/la9310-freertos/Source/queue.c.obj
                0x0000000000009838                xQueueGenericSend
 .text.xQueueCreateMutex
                0x00000000000099cc       0x68 CMakeFiles/ipc_test.dir/home/biswajex/DivyaDrishti/external/la9310-freertos/Source/queue.c.obj
                0x00000000000099cc                xQueueCreateMutex
 .text.xQueueGiveMutexRecursive
                0x0000000000009a34       0x40 CMakeFiles/ipc_test.dir/home/biswajex/DivyaDrishti/external/la9310-freertos/Source/queue.c.obj
                0x0000000000009a34                xQueueGiveMutexRecursive
 .text.xQueueGenericReceive
                0x0000000000009a74      0x1c8 CMakeFiles/ipc_test.dir/home/biswajex/DivyaDrishti/external/la9310-freertos/Source/queue.c.obj
                0x0000000000009a74                xQueueGenericReceive
 .text.xQueueTakeMutexRecursive
                0x0000000000009c3c       0x44 CMakeFiles/ipc_test.dir/home/biswajex/DivyaDrishti/external/la9310-freertos/Source/queue.c.obj
                0x0000000000009c3c                xQueueTakeMutexRecursive
 .text.uxQueueMessagesWaiting
                0x0000000000009c80       0x28 CMakeFiles/ipc_test.dir/home/biswajex/DivyaDrishti/external/la9310-freertos/Source/queue.c.obj
                0x0000000000009c80                uxQueueMessagesWaiting
 .text.uxQueueSpacesAvailable
                0x0000000000009ca8       0x2c CMakeFiles/ipc_test.dir/home/biswajex/DivyaDrishti/external/la9310-freertos/Source/queue.c.obj
                0x0000000000009ca8                uxQueueSpacesAvailable
 .text.vQueueDelete
                0x0000000000009cd4       0xd4 CMakeFiles/ipc_test.dir/home/biswajex/DivyaDrishti/external/la9310-freertos/Source/queue.c.obj
                0x0000000000009cd4                vQueueDelete
 .text.vQueueAddToRegistry
                0x0000000000009da8       0x90 CMakeFiles/ipc_test.dir/home/biswajex/DivyaDrishti/external/la9310-freertos/Source/queue.c.obj
                0x0000000000009da8                vQueueAddToRegistry
 .text.vQueueWaitForMessageRestricted
                0x0000000000009e38       0x50 CMakeFiles/ipc_test.dir/home/biswajex/DivyaDrishti/external/la9310-freertos/Source/queue.c.obj
                0x0000000000009e38                vQueueWaitForMessageRestricted
 .text.prvAddCurrentTaskToDelayedList
                0x0000000000009e88       0x8c CMakeFiles/ipc_test.dir/home/biswajex/DivyaDrishti/external/la9310-freertos/Source/tasks.c.obj
 .text.xTaskCreate
                0x0000000000009f14      0x254 CMakeFiles/ipc_test.dir/home/biswajex/DivyaDrishti/external/la9310-freertos/Source/tasks.c.obj
                0x0000000000009f14                xTaskCreate
 .text.vTaskDelete
                0x000000000000a168      0x108 CMakeFiles/ipc_test.dir/home/biswajex/DivyaDrishti/external/la9310-freertos/Source/tasks.c.obj
                0x000000000000a168                vTaskDelete
 .text.vTaskStartScheduler
                0x000000000000a270      0x1d8 CMakeFiles/ipc_test.dir/home/biswajex/DivyaDrishti/external/la9310-freertos/Source/tasks.c.obj
                0x000000000000a270                vTaskStartScheduler
 .text.vTaskSuspendAll
                0x000000000000a448       0x10 CMakeFiles/ipc_test.dir/home/biswajex/DivyaDrishti/external/la9310-freertos/Source/tasks.c.obj
                0x000000000000a448                vTaskSuspendAll
 .text.xTaskGetTickCount
                0x000000000000a458        0xc CMakeFiles/ipc_test.dir/home/biswajex/DivyaDrishti/external/la9310-freertos/Source/tasks.c.obj
                0x000000000000a458                xTaskGetTickCount
 .text.xTaskIncrementTick
                0x000000000000a464      0x164 CMakeFiles/ipc_test.dir/home/biswajex/DivyaDrishti/external/la9310-freertos/Source/tasks.c.obj
                0x000000000000a464                xTaskIncrementTick
 .text.xTaskResumeAll.part.0
                0x000000000000a5c8      0x128 CMakeFiles/ipc_test.dir/home/biswajex/DivyaDrishti/external/la9310-freertos/Source/tasks.c.obj
 .text.xTaskResumeAll
                0x000000000000a6f0       0x20 CMakeFiles/ipc_test.dir/home/biswajex/DivyaDrishti/external/la9310-freertos/Source/tasks.c.obj
                0x000000000000a6f0                xTaskResumeAll
 .text.prvIdleTask
                0x000000000000a710       0xa4 CMakeFiles/ipc_test.dir/home/biswajex/DivyaDrishti/external/la9310-freertos/Source/tasks.c.obj
 .text.vTaskDelay
                0x000000000000a7b4       0x60 CMakeFiles/ipc_test.dir/home/biswajex/DivyaDrishti/external/la9310-freertos/Source/tasks.c.obj
                0x000000000000a7b4                vTaskDelay
 .text.vTaskSwitchContext
                0x000000000000a814       0x70 CMakeFiles/ipc_test.dir/home/biswajex/DivyaDrishti/external/la9310-freertos/Source/tasks.c.obj
                0x000000000000a814                vTaskSwitchContext
 .text.vTaskPlaceOnEventList
                0x000000000000a884       0xa0 CMakeFiles/ipc_test.dir/home/biswajex/DivyaDrishti/external/la9310-freertos/Source/tasks.c.obj
                0x000000000000a884                vTaskPlaceOnEventList
 .text.vTaskPlaceOnEventListRestricted
                0x000000000000a924       0xc0 CMakeFiles/ipc_test.dir/home/biswajex/DivyaDrishti/external/la9310-freertos/Source/tasks.c.obj
                0x000000000000a924                vTaskPlaceOnEventListRestricted
 .text.xTaskRemoveFromEventList
                0x000000000000a9e4       0x88 CMakeFiles/ipc_test.dir/home/biswajex/DivyaDrishti/external/la9310-freertos/Source/tasks.c.obj
                0x000000000000a9e4                xTaskRemoveFromEventList
 .text.vTaskSetTimeOutState
                0x000000000000aa6c       0x2c CMakeFiles/ipc_test.dir/home/biswajex/DivyaDrishti/external/la9310-freertos/Source/tasks.c.obj
                0x000000000000aa6c                vTaskSetTimeOutState
 .text.xTaskCheckForTimeOut
                0x000000000000aa98       0x8c CMakeFiles/ipc_test.dir/home/biswajex/DivyaDrishti/external/la9310-freertos/Source/tasks.c.obj
                0x000000000000aa98                xTaskCheckForTimeOut
 .text.vTaskMissedYield
                0x000000000000ab24        0xc CMakeFiles/ipc_test.dir/home/biswajex/DivyaDrishti/external/la9310-freertos/Source/tasks.c.obj
                0x000000000000ab24                vTaskMissedYield
 .text.xTaskGetCurrentTaskHandle
                0x000000000000ab30        0xc CMakeFiles/ipc_test.dir/home/biswajex/DivyaDrishti/external/la9310-freertos/Source/tasks.c.obj
                0x000000000000ab30                xTaskGetCurrentTaskHandle
 .text.xTaskGetSchedulerState
                0x000000000000ab3c       0x20 CMakeFiles/ipc_test.dir/home/biswajex/DivyaDrishti/external/la9310-freertos/Source/tasks.c.obj
                0x000000000000ab3c                xTaskGetSchedulerState
 .text.vTaskPriorityInherit
                0x000000000000ab5c       0x90 CMakeFiles/ipc_test.dir/home/biswajex/DivyaDrishti/external/la9310-freertos/Source/tasks.c.obj
                0x000000000000ab5c                vTaskPriorityInherit
 .text.xTaskPriorityDisinherit
                0x000000000000abec       0xac CMakeFiles/ipc_test.dir/home/biswajex/DivyaDrishti/external/la9310-freertos/Source/tasks.c.obj
                0x000000000000abec                xTaskPriorityDisinherit
 .text.pvTaskIncrementMutexHeldCount
                0x000000000000ac98       0x18 CMakeFiles/ipc_test.dir/home/biswajex/DivyaDrishti/external/la9310-freertos/Source/tasks.c.obj
                0x000000000000ac98                pvTaskIncrementMutexHeldCount
 .text.prvSwitchTimerLists
                0x000000000000acb0       0x98 CMakeFiles/ipc_test.dir/home/biswajex/DivyaDrishti/external/la9310-freertos/Source/timers.c.obj
 .text.prvTimerTask
                0x000000000000ad48      0x258 CMakeFiles/ipc_test.dir/home/biswajex/DivyaDrishti/external/la9310-freertos/Source/timers.c.obj
 .text.xTimerCreateTimerTask
                0x000000000000afa0       0x98 CMakeFiles/ipc_test.dir/home/biswajex/DivyaDrishti/external/la9310-freertos/Source/timers.c.obj
                0x000000000000afa0                xTimerCreateTimerTask
 .text.vIPIGlobalQEnqueue
                0x000000000000b038       0x88 CMakeFiles/ipc_test.dir/home/biswajex/DivyaDrishti/external/la9310-freertos/Demo/CORTEX_M4_NXP_LA9310_GCC/ipiQueue.c.obj
                0x000000000000b038                vIPIGlobalQEnqueue
 .text.vIPIEventRegister
                0x000000000000b0c0      0x1c0 CMakeFiles/ipc_test.dir/home/biswajex/DivyaDrishti/external/la9310-freertos/Demo/CORTEX_M4_NXP_LA9310_GCC/ipiQueue.c.obj
                0x000000000000b0c0                vIPIEventRegister
 .text.vIPIEventUnRegister
                0x000000000000b280      0x118 CMakeFiles/ipc_test.dir/home/biswajex/DivyaDrishti/external/la9310-freertos/Demo/CORTEX_M4_NXP_LA9310_GCC/ipiQueue.c.obj
                0x000000000000b280                vIPIEventUnRegister
 .text.vIPICoreInit
                0x000000000000b398       0xec CMakeFiles/ipc_test.dir/home/biswajex/DivyaDrishti/external/la9310-freertos/Demo/CORTEX_M4_NXP_LA9310_GCC/ipiQueue.c.obj
                0x000000000000b398                vIPICoreInit
 .text.vIPISendData
                0x000000000000b484      0x244 CMakeFiles/ipc_test.dir/home/biswajex/DivyaDrishti/external/la9310-freertos/Demo/CORTEX_M4_NXP_LA9310_GCC/ipiQueue.c.obj
                0x000000000000b484                vIPISendData
 .text.procx_comm
                0x000000000000b6c8       0x6c CMakeFiles/ipc_test.dir/home/biswajex/DivyaDrishti/external/la9310-freertos/Demo/CORTEX_M4_NXP_LA9310_GCC/ms_procx_comm.c.obj
                0x000000000000b6c8                procx_comm
 .text.procx_comm_reg
                0x000000000000b734       0x34 CMakeFiles/ipc_test.dir/home/biswajex/DivyaDrishti/external/la9310-freertos/Demo/CORTEX_M4_NXP_LA9310_GCC/ms_procx_comm.c.obj
                0x000000000000b734                procx_comm_reg
 .text.init_proc_cmd_queue
                0x000000000000b768       0x8c CMakeFiles/ipc_test.dir/home/biswajex/DivyaDrishti/external/la9310-freertos/Demo/CORTEX_M4_NXP_LA9310_GCC/ms_l1_controller_fwk.c.obj
                0x000000000000b768                init_proc_cmd_queue
 .text.send_cmd_to_proc
                0x000000000000b7f4       0x34 CMakeFiles/ipc_test.dir/home/biswajex/DivyaDrishti/external/la9310-freertos/Demo/CORTEX_M4_NXP_LA9310_GCC/ms_l1_controller_fwk.c.obj
                0x000000000000b7f4                send_cmd_to_proc
 .text.ms_log_init
                0x000000000000b828        0xc CMakeFiles/ipc_test.dir/home/biswajex/DivyaDrishti/external/la9310-freertos/Demo/CORTEX_M4_NXP_LA9310_GCC/ms_logger.c.obj
                0x000000000000b828                ms_log_init
 .text.xQueueReceive
                0x000000000000b834        0x8 CMakeFiles/ipc_test.dir/home/biswajex/DivyaDrishti/external/la9310-freertos/Demo/CORTEX_M4_NXP_LA9310_GCC/freertos_compat.c.obj
                0x000000000000b834                xQueueReceive
 .text.xQueueSemaphoreTake
                0x000000000000b83c        0xc CMakeFiles/ipc_test.dir/home/biswajex/DivyaDrishti/external/la9310-freertos/Demo/CORTEX_M4_NXP_LA9310_GCC/freertos_compat.c.obj
                0x000000000000b83c                xQueueSemaphoreTake
 *(.rodata)
 .rodata        0x000000000000b848        0x4 /usr/lib/gcc/arm-none-eabi/10.3.1/../../../arm-none-eabi/lib/thumb/v7e-m/nofp/libc.a(lib_a-impure.o)
                0x000000000000b848                _global_impure_ptr
 .rodata        0x000000000000b84c       0x4a ../../../../../../../Platform/PAL/install/pal/freertos-cm4/lib/libPAL.a(pmsgq.c.obj)
 *fill*         0x000000000000b896        0x2 
 .rodata        0x000000000000b898       0x49 ../../../../../../../Platform/PAL/install/pal/freertos-cm4/lib/libPAL.a(psem.c.obj)
 *fill*         0x000000000000b8e1        0x3 
 .rodata        0x000000000000b8e4       0x20 /usr/lib/gcc/arm-none-eabi/10.3.1/../../../arm-none-eabi/lib/thumb/v7e-m/nofp/libg.a(lib_a-vfiprintf.o)
 .rodata        0x000000000000b904       0x20 /usr/lib/gcc/arm-none-eabi/10.3.1/../../../arm-none-eabi/lib/thumb/v7e-m/nofp/libg.a(lib_a-vfprintf.o)
 .rodata        0x000000000000b924      0x101 /usr/lib/gcc/arm-none-eabi/10.3.1/../../../arm-none-eabi/lib/thumb/v7e-m/nofp/libg.a(lib_a-ctype_.o)
                0x000000000000b924                _ctype_
 *fill*         0x000000000000ba25        0x3 
 .rodata        0x000000000000ba28      0x128 /usr/lib/gcc/arm-none-eabi/10.3.1/../../../arm-none-eabi/lib/thumb/v7e-m/nofp/libg.a(lib_a-mprec.o)
                0x000000000000ba38                __mprec_tens
                0x000000000000bb00                __mprec_tinytens
                0x000000000000bb28                __mprec_bigtens
 *(.rodata*)
 .rodata.str1.4
                0x000000000000bb50       0x1c /usr/lib/gcc/arm-none-eabi/10.3.1/../../../arm-none-eabi/lib/thumb/v7e-m/nofp/librdimon.a(rdimon-syscalls.o)
 .rodata.test_runner_task.str1.4
                0x000000000000bb6c       0x80 CMakeFiles/ipc_test.dir/test_main.c.obj
 .rodata.main.str1.4
                0x000000000000bbec        0xb CMakeFiles/ipc_test.dir/test_main.c.obj
 *fill*         0x000000000000bbf7        0x1 
 .rodata.test_ipc_run_all.str1.4
                0x000000000000bbf8       0x8f CMakeFiles/ipc_test.dir/test_ipc.c.obj
 *fill*         0x000000000000bc87        0x1 
 .rodata.xTimerCreateTimerTask.str1.4
                0x000000000000bc88       0x10 CMakeFiles/ipc_test.dir/home/biswajex/DivyaDrishti/external/la9310-freertos/Source/timers.c.obj
 .rodata.vIPIEventRegister.str1.4
                0x000000000000bc98      0x18d CMakeFiles/ipc_test.dir/home/biswajex/DivyaDrishti/external/la9310-freertos/Demo/CORTEX_M4_NXP_LA9310_GCC/ipiQueue.c.obj
 *fill*         0x000000000000be25        0x3 
 .rodata.vIPIEventUnRegister.str1.4
                0x000000000000be28      0x133 CMakeFiles/ipc_test.dir/home/biswajex/DivyaDrishti/external/la9310-freertos/Demo/CORTEX_M4_NXP_LA9310_GCC/ipiQueue.c.obj
 *fill*         0x000000000000bf5b        0x1 
 .rodata.vIPICoreInit.str1.4
                0x000000000000bf5c       0xa5 CMakeFiles/ipc_test.dir/home/biswajex/DivyaDrishti/external/la9310-freertos/Demo/CORTEX_M4_NXP_LA9310_GCC/ipiQueue.c.obj
 *fill*         0x000000000000c001        0x3 
 .rodata.vIPISendData.str1.4
                0x000000000000c004      0x1fc CMakeFiles/ipc_test.dir/home/biswajex/DivyaDrishti/external/la9310-freertos/Demo/CORTEX_M4_NXP_LA9310_GCC/ipiQueue.c.obj
 .rodata.str1.4
                0x000000000000c200       0x1f CMakeFiles/ipc_test.dir/home/biswajex/DivyaDrishti/external/la9310-freertos/Demo/CORTEX_M4_NXP_LA9310_GCC/ipiQueue.c.obj
 *fill*         0x000000000000c21f        0x1 
 .rodata.procx_comm.str1.4
                0x000000000000c220       0xa6 CMakeFiles/ipc_test.dir/home/biswajex/DivyaDrishti/external/la9310-freertos/Demo/CORTEX_M4_NXP_LA9310_GCC/ms_procx_comm.c.obj
 *fill*         0x000000000000c2c6        0x2 
 .rodata.procx_comm_reg.str1.4
                0x000000000000c2c8       0x36 CMakeFiles/ipc_test.dir/home/biswajex/DivyaDrishti/external/la9310-freertos/Demo/CORTEX_M4_NXP_LA9310_GCC/ms_procx_comm.c.obj
 *fill*         0x000000000000c2fe        0x2 
 .rodata.init_proc_cmd_queue.str1.4
                0x000000000000c300       0x6e CMakeFiles/ipc_test.dir/home/biswajex/DivyaDrishti/external/la9310-freertos/Demo/CORTEX_M4_NXP_LA9310_GCC/ms_l1_controller_fwk.c.obj
 *fill*         0x000000000000c36e        0x2 
 .rodata.send_cmd_to_proc.str1.4
                0x000000000000c370       0x39 CMakeFiles/ipc_test.dir/home/biswajex/DivyaDrishti/external/la9310-freertos/Demo/CORTEX_M4_NXP_LA9310_GCC/ms_l1_controller_fwk.c.obj
 *fill*         0x000000000000c3a9        0x3 
 .rodata.str1.4
                0x000000000000c3ac       0x3f /usr/lib/gcc/arm-none-eabi/10.3.1/../../../arm-none-eabi/lib/thumb/v7e-m/nofp/libg.a(lib_a-assert.o)
                                         0x43 (size before relaxing)
 *fill*         0x000000000000c3eb        0x1 
 .rodata.str1.4
                0x000000000000c3ec       0x2f /usr/lib/gcc/arm-none-eabi/10.3.1/../../../arm-none-eabi/lib/thumb/v7e-m/nofp/libg.a(lib_a-vfiprintf.o)
 *fill*         0x000000000000c41b        0x1 
 .rodata.str1.4
                0x000000000000c41c        0xe /usr/lib/gcc/arm-none-eabi/10.3.1/../../../arm-none-eabi/lib/thumb/v7e-m/nofp/libg.a(lib_a-locale.o)
                                         0x12 (size before relaxing)
 *fill*         0x000000000000c42a        0x2 
 .rodata.str1.4
                0x000000000000c42c       0x12 /usr/lib/gcc/arm-none-eabi/10.3.1/../../../arm-none-eabi/lib/thumb/v7e-m/nofp/libg.a(lib_a-vfprintf.o)
                                         0x42 (size before relaxing)
 *fill*         0x000000000000c43e        0x2 
 .rodata.str1.4
                0x000000000000c440       0x56 /usr/lib/gcc/arm-none-eabi/10.3.1/../../../arm-none-eabi/lib/thumb/v7e-m/nofp/libg.a(lib_a-dtoa.o)
                                         0x5a (size before relaxing)
 *fill*         0x000000000000c496        0x2 
 .rodata.str1.4
                0x000000000000c498       0x33 /usr/lib/gcc/arm-none-eabi/10.3.1/../../../arm-none-eabi/lib/thumb/v7e-m/nofp/libg.a(lib_a-mprec.o)
                                         0x47 (size before relaxing)
 *(.init)
 *fill*         0x000000000000c4cb        0x1 
 .init          0x000000000000c4cc        0x4 /usr/lib/gcc/arm-none-eabi/10.3.1/thumb/v7e-m/nofp/crti.o
                0x000000000000c4cc                _init
 .init          0x000000000000c4d0        0x8 /usr/lib/gcc/arm-none-eabi/10.3.1/thumb/v7e-m/nofp/crtn.o
 *(.fini)
 .fini          0x000000000000c4d8        0x4 /usr/lib/gcc/arm-none-eabi/10.3.1/thumb/v7e-m/nofp/crti.o
                0x000000000000c4d8                _fini
 .fini          0x000000000000c4dc        0x8 /usr/lib/gcc/arm-none-eabi/10.3.1/thumb/v7e-m/nofp/crtn.o
                0x000000000000c4e4                . = ALIGN (0x4)
                0x000000000000c4e4                _etext = .

.glue_7         0x000000000000c4e4        0x0
 .glue_7        0x000000000000c4e4        0x0 linker stubs

.glue_7t        0x000000000000c4e4        0x0
 .glue_7t       0x000000000000c4e4        0x0 linker stubs

.vfp11_veneer   0x000000000000c4e4        0x0
 .vfp11_veneer  0x000000000000c4e4        0x0 linker stubs

.v4_bx          0x000000000000c4e4        0x0
 .v4_bx         0x000000000000c4e4        0x0 linker stubs

.iplt           0x000000000000c4e4        0x0
 .iplt          0x000000000000c4e4        0x0 /usr/lib/gcc/arm-none-eabi/10.3.1/../../../arm-none-eabi/lib/thumb/v7e-m/nofp/librdimon.a(rdimon-syscalls.o)

.ARM.extab
 *(.ARM.extab* .gnu.linkonce.armextab.*)

.ARM            0x000000000000c4e4        0x8
                0x000000000000c4e4                __exidx_start = .
 *(.ARM.exidx*)
 .ARM.exidx     0x000000000000c4e4        0x8 /usr/lib/gcc/arm-none-eabi/10.3.1/thumb/v7e-m/nofp/libgcc.a(_udivmoddi4.o)
                0x000000000000c4ec                __exidx_end = .
                0x000000000000c4ec                _sidata = LOADADDR (.data)

.rel.dyn        0x000000000000c4ec        0x0
 .rel.iplt      0x000000000000c4ec        0x0 /usr/lib/gcc/arm-none-eabi/10.3.1/../../../arm-none-eabi/lib/thumb/v7e-m/nofp/librdimon.a(rdimon-syscalls.o)

.data           0x0000000020000000      0x9d0 load address 0x000000000000c4ec
                0x0000000020000000                . = ALIGN (0x4)
                0x0000000020000000                _sdata = .
 *(.data)
 .data          0x0000000020000000        0xc /usr/lib/gcc/arm-none-eabi/10.3.1/../../../arm-none-eabi/lib/thumb/v7e-m/nofp/librdimon.a(rdimon-syscalls.o)
                0x0000000020000000                __heap_limit
 *fill*         0x000000002000000c        0x4 
 .data          0x0000000020000010      0x430 /usr/lib/gcc/arm-none-eabi/10.3.1/../../../arm-none-eabi/lib/thumb/v7e-m/nofp/libc.a(lib_a-impure.o)
                0x0000000020000010                _impure_ptr
 .data          0x0000000020000440      0x410 /usr/lib/gcc/arm-none-eabi/10.3.1/../../../arm-none-eabi/lib/thumb/v7e-m/nofp/libc.a(lib_a-mallocr.o)
                0x0000000020000440                __malloc_av_
                0x0000000020000848                __malloc_sbrk_base
                0x000000002000084c                __malloc_trim_threshold
 .data          0x0000000020000850      0x16c /usr/lib/gcc/arm-none-eabi/10.3.1/../../../arm-none-eabi/lib/thumb/v7e-m/nofp/libg.a(lib_a-locale.o)
                0x0000000020000850                __global_locale
 *(.data*)
 .data.uxCriticalNesting
                0x00000000200009bc        0x4 CMakeFiles/ipc_test.dir/home/biswajex/DivyaDrishti/external/la9310-freertos/Source/portable/GCC/ARM_CM4/port.c.obj
 .data.xFreeBytesRemaining
                0x00000000200009c0        0x4 CMakeFiles/ipc_test.dir/home/biswajex/DivyaDrishti/external/la9310-freertos/Source/portable/MemMang/heap_2.c.obj
 .data.defEventSemName
                0x00000000200009c4        0x4 CMakeFiles/ipc_test.dir/home/biswajex/DivyaDrishti/external/la9310-freertos/Demo/CORTEX_M4_NXP_LA9310_GCC/ipiQueue.c.obj
                0x00000000200009c4                defEventSemName
 .data.defSendSemName
                0x00000000200009c8        0x4 CMakeFiles/ipc_test.dir/home/biswajex/DivyaDrishti/external/la9310-freertos/Demo/CORTEX_M4_NXP_LA9310_GCC/ipiQueue.c.obj
                0x00000000200009c8                defSendSemName
 .data.g_ms_log_level
                0x00000000200009cc        0x1 CMakeFiles/ipc_test.dir/home/biswajex/DivyaDrishti/external/la9310-freertos/Demo/CORTEX_M4_NXP_LA9310_GCC/ms_logger.c.obj
                0x00000000200009cc                g_ms_log_level
                0x00000000200009d0                . = ALIGN (0x4)
 *fill*         0x00000000200009cd        0x3 
                0x00000000200009d0                _edata = .

.igot.plt       0x00000000200009d0        0x0 load address 0x000000000000cebc
 .igot.plt      0x00000000200009d0        0x0 /usr/lib/gcc/arm-none-eabi/10.3.1/../../../arm-none-eabi/lib/thumb/v7e-m/nofp/librdimon.a(rdimon-syscalls.o)

.bss            0x00000000200009d0     0xd8e8 load address 0x000000000000cebc
                0x00000000200009d0                . = ALIGN (0x4)
                0x00000000200009d0                _sbss = .
                0x00000000200009d0                __bss_start__ = _sbss
 *(.bss)
 .bss           0x00000000200009d0       0xb0 /usr/lib/gcc/arm-none-eabi/10.3.1/../../../arm-none-eabi/lib/thumb/v7e-m/nofp/librdimon.a(rdimon-syscalls.o)
 .bss           0x0000000020000a80       0x34 /usr/lib/gcc/arm-none-eabi/10.3.1/../../../arm-none-eabi/lib/thumb/v7e-m/nofp/libc.a(lib_a-mallocr.o)
                0x0000000020000a80                __malloc_top_pad
                0x0000000020000a84                __malloc_current_mallinfo
                0x0000000020000aac                __malloc_max_sbrked_mem
                0x0000000020000ab0                __malloc_max_total_mem
 .bss           0x0000000020000ab4        0x4 /usr/lib/gcc/arm-none-eabi/10.3.1/../../../arm-none-eabi/lib/thumb/v7e-m/nofp/libc.a(lib_a-reent.o)
                0x0000000020000ab4                errno
 .bss           0x0000000020000ab8      0xa08 ../../../../../../../Platform/PAL/install/pal/freertos-cm4/lib/libPAL.a(pmsgq.c.obj)
 .bss           0x00000000200014c0      0xa88 ../../../../../../../Platform/PAL/install/pal/freertos-cm4/lib/libPAL.a(psem.c.obj)
 *(.bss*)
 .bss.g_result  0x0000000020001f48        0x4 CMakeFiles/ipc_test.dir/test_ipc.c.obj
 .bss.t1_cb_count
                0x0000000020001f4c        0x4 CMakeFiles/ipc_test.dir/test_ipc.c.obj
 .bss.t1_opcode
                0x0000000020001f50        0x1 CMakeFiles/ipc_test.dir/test_ipc.c.obj
 *fill*         0x0000000020001f51        0x3 
 .bss.t1_src_id
                0x0000000020001f54        0x4 CMakeFiles/ipc_test.dir/test_ipc.c.obj
 .bss.t4_done_sem
                0x0000000020001f58        0x4 CMakeFiles/ipc_test.dir/test_ipc.c.obj
 .bss.t4_queue  0x0000000020001f5c        0x8 CMakeFiles/ipc_test.dir/test_ipc.c.obj
 .bss.t4_recv_opcode
                0x0000000020001f64        0x1 CMakeFiles/ipc_test.dir/test_ipc.c.obj
 *fill*         0x0000000020001f65        0x3 
 .bss.t4_recv_time
                0x0000000020001f68        0x4 CMakeFiles/ipc_test.dir/test_ipc.c.obj
 .bss.ucMaxSysCallPriority
                0x0000000020001f6c        0x1 CMakeFiles/ipc_test.dir/home/biswajex/DivyaDrishti/external/la9310-freertos/Source/portable/GCC/ARM_CM4/port.c.obj
 *fill*         0x0000000020001f6d        0x3 
 .bss.ulMaxPRIGROUPValue
                0x0000000020001f70        0x4 CMakeFiles/ipc_test.dir/home/biswajex/DivyaDrishti/external/la9310-freertos/Source/portable/GCC/ARM_CM4/port.c.obj
 .bss.ucHeap    0x0000000020001f74     0xc000 CMakeFiles/ipc_test.dir/home/biswajex/DivyaDrishti/external/la9310-freertos/Source/portable/MemMang/heap_2.c.obj
 .bss.xEnd      0x000000002000df74        0x8 CMakeFiles/ipc_test.dir/home/biswajex/DivyaDrishti/external/la9310-freertos/Source/portable/MemMang/heap_2.c.obj
 .bss.xHeapHasBeenInitialised.0
                0x000000002000df7c        0x4 CMakeFiles/ipc_test.dir/home/biswajex/DivyaDrishti/external/la9310-freertos/Source/portable/MemMang/heap_2.c.obj
 .bss.xStart    0x000000002000df80        0x8 CMakeFiles/ipc_test.dir/home/biswajex/DivyaDrishti/external/la9310-freertos/Source/portable/MemMang/heap_2.c.obj
 .bss.xQueueRegistry
                0x000000002000df88       0x80 CMakeFiles/ipc_test.dir/home/biswajex/DivyaDrishti/external/la9310-freertos/Source/queue.c.obj
                0x000000002000df88                xQueueRegistry
 .bss.pxCurrentTCB
                0x000000002000e008        0x4 CMakeFiles/ipc_test.dir/home/biswajex/DivyaDrishti/external/la9310-freertos/Source/tasks.c.obj
                0x000000002000e008                pxCurrentTCB
 .bss.pxDelayedTaskList
                0x000000002000e00c        0x4 CMakeFiles/ipc_test.dir/home/biswajex/DivyaDrishti/external/la9310-freertos/Source/tasks.c.obj
 .bss.pxOverflowDelayedTaskList
                0x000000002000e010        0x4 CMakeFiles/ipc_test.dir/home/biswajex/DivyaDrishti/external/la9310-freertos/Source/tasks.c.obj
 .bss.pxReadyTasksLists
                0x000000002000e014       0x64 CMakeFiles/ipc_test.dir/home/biswajex/DivyaDrishti/external/la9310-freertos/Source/tasks.c.obj
 .bss.uxCurrentNumberOfTasks
                0x000000002000e078        0x4 CMakeFiles/ipc_test.dir/home/biswajex/DivyaDrishti/external/la9310-freertos/Source/tasks.c.obj
 .bss.uxDeletedTasksWaitingCleanUp
                0x000000002000e07c        0x4 CMakeFiles/ipc_test.dir/home/biswajex/DivyaDrishti/external/la9310-freertos/Source/tasks.c.obj
 .bss.uxPendedTicks
                0x000000002000e080        0x4 CMakeFiles/ipc_test.dir/home/biswajex/DivyaDrishti/external/la9310-freertos/Source/tasks.c.obj
 .bss.uxSchedulerSuspended
                0x000000002000e084        0x4 CMakeFiles/ipc_test.dir/home/biswajex/DivyaDrishti/external/la9310-freertos/Source/tasks.c.obj
 .bss.uxTaskNumber
                0x000000002000e088        0x4 CMakeFiles/ipc_test.dir/home/biswajex/DivyaDrishti/external/la9310-freertos/Source/tasks.c.obj
 .bss.uxTopReadyPriority
                0x000000002000e08c        0x4 CMakeFiles/ipc_test.dir/home/biswajex/DivyaDrishti/external/la9310-freertos/Source/tasks.c.obj
 .bss.xDelayedTaskList1
                0x000000002000e090       0x14 CMakeFiles/ipc_test.dir/home/biswajex/DivyaDrishti/external/la9310-freertos/Source/tasks.c.obj
 .bss.xDelayedTaskList2
                0x000000002000e0a4       0x14 CMakeFiles/ipc_test.dir/home/biswajex/DivyaDrishti/external/la9310-freertos/Source/tasks.c.obj
 .bss.xIdleTaskHandle
                0x000000002000e0b8        0x4 CMakeFiles/ipc_test.dir/home/biswajex/DivyaDrishti/external/la9310-freertos/Source/tasks.c.obj
 .bss.xNextTaskUnblockTime
                0x000000002000e0bc        0x4 CMakeFiles/ipc_test.dir/home/biswajex/DivyaDrishti/external/la9310-freertos/Source/tasks.c.obj
 .bss.xNumOfOverflows
                0x000000002000e0c0        0x4 CMakeFiles/ipc_test.dir/home/biswajex/DivyaDrishti/external/la9310-freertos/Source/tasks.c.obj
 .bss.xPendingReadyList
                0x000000002000e0c4       0x14 CMakeFiles/ipc_test.dir/home/biswajex/DivyaDrishti/external/la9310-freertos/Source/tasks.c.obj
 .bss.xSchedulerRunning
                0x000000002000e0d8        0x4 CMakeFiles/ipc_test.dir/home/biswajex/DivyaDrishti/external/la9310-freertos/Source/tasks.c.obj
 .bss.xSuspendedTaskList
                0x000000002000e0dc       0x14 CMakeFiles/ipc_test.dir/home/biswajex/DivyaDrishti/external/la9310-freertos/Source/tasks.c.obj
 .bss.xTasksWaitingTermination
                0x000000002000e0f0       0x14 CMakeFiles/ipc_test.dir/home/biswajex/DivyaDrishti/external/la9310-freertos/Source/tasks.c.obj
 .bss.xTickCount
                0x000000002000e104        0x4 CMakeFiles/ipc_test.dir/home/biswajex/DivyaDrishti/external/la9310-freertos/Source/tasks.c.obj
 .bss.xYieldPending
                0x000000002000e108        0x4 CMakeFiles/ipc_test.dir/home/biswajex/DivyaDrishti/external/la9310-freertos/Source/tasks.c.obj
 .bss.pxCurrentTimerList
                0x000000002000e10c        0x4 CMakeFiles/ipc_test.dir/home/biswajex/DivyaDrishti/external/la9310-freertos/Source/timers.c.obj
 .bss.pxOverflowTimerList
                0x000000002000e110        0x4 CMakeFiles/ipc_test.dir/home/biswajex/DivyaDrishti/external/la9310-freertos/Source/timers.c.obj
 .bss.xActiveTimerList1
                0x000000002000e114       0x14 CMakeFiles/ipc_test.dir/home/biswajex/DivyaDrishti/external/la9310-freertos/Source/timers.c.obj
 .bss.xActiveTimerList2
                0x000000002000e128       0x14 CMakeFiles/ipc_test.dir/home/biswajex/DivyaDrishti/external/la9310-freertos/Source/timers.c.obj
 .bss.xLastTime.0
                0x000000002000e13c        0x4 CMakeFiles/ipc_test.dir/home/biswajex/DivyaDrishti/external/la9310-freertos/Source/timers.c.obj
 .bss.xTimerQueue
                0x000000002000e140        0x4 CMakeFiles/ipc_test.dir/home/biswajex/DivyaDrishti/external/la9310-freertos/Source/timers.c.obj
 .bss.xTimerTaskHandle
                0x000000002000e144        0x4 CMakeFiles/ipc_test.dir/home/biswajex/DivyaDrishti/external/la9310-freertos/Source/timers.c.obj
 .bss.IPIGlobalQueueMem
                0x000000002000e148       0x44 CMakeFiles/ipc_test.dir/home/biswajex/DivyaDrishti/external/la9310-freertos/Demo/CORTEX_M4_NXP_LA9310_GCC/ipiQueue.c.obj
                0x000000002000e148                IPIGlobalQueueMem
 .bss.gIPIQueuePriv
                0x000000002000e18c       0x9c CMakeFiles/ipc_test.dir/home/biswajex/DivyaDrishti/external/la9310-freertos/Demo/CORTEX_M4_NXP_LA9310_GCC/ipiQueue.c.obj
 .bss.gIPIRecvStats
                0x000000002000e228        0x4 CMakeFiles/ipc_test.dir/home/biswajex/DivyaDrishti/external/la9310-freertos/Demo/CORTEX_M4_NXP_LA9310_GCC/ipiQueue.c.obj
                0x000000002000e228                gIPIRecvStats
 .bss.gIPISentStats
                0x000000002000e22c        0x4 CMakeFiles/ipc_test.dir/home/biswajex/DivyaDrishti/external/la9310-freertos/Demo/CORTEX_M4_NXP_LA9310_GCC/ipiQueue.c.obj
                0x000000002000e22c                gIPISentStats
 .bss.pxRxQueue
                0x000000002000e230       0x44 CMakeFiles/ipc_test.dir/home/biswajex/DivyaDrishti/external/la9310-freertos/Demo/CORTEX_M4_NXP_LA9310_GCC/ipiQueue.c.obj
                0x000000002000e230                pxRxQueue
 .bss.procx_comm_cbs
                0x000000002000e274       0x28 CMakeFiles/ipc_test.dir/home/biswajex/DivyaDrishti/external/la9310-freertos/Demo/CORTEX_M4_NXP_LA9310_GCC/ms_procx_comm.c.obj
                0x000000002000e274                procx_comm_cbs
 .bss.last_assigned_ipi_id
                0x000000002000e29c        0x2 CMakeFiles/ipc_test.dir/home/biswajex/DivyaDrishti/external/la9310-freertos/Demo/CORTEX_M4_NXP_LA9310_GCC/ms_l1_controller_fwk.c.obj
                0x000000002000e29c                last_assigned_ipi_id
 *fill*         0x000000002000e29e        0x2 
 .bss.g_GlobalDebugInfo
                0x000000002000e2a0       0x18 CMakeFiles/ipc_test.dir/home/biswajex/DivyaDrishti/external/la9310-freertos/Demo/CORTEX_M4_NXP_LA9310_GCC/ms_globals.c.obj
                0x000000002000e2a0                g_GlobalDebugInfo
 *(COMMON)
                0x000000002000e2b8                . = ALIGN (0x4)
                0x000000002000e2b8                _ebss = .
                0x000000002000e2b8                __bss_end__ = _ebss

._user_heap_stack
                0x000000002000e2b8      0xc00 load address 0x000000000000cebc
                0x000000002000e2b8                . = ALIGN (0x8)
                0x000000002000e2b8                PROVIDE (end = .)
                [!provide]                        PROVIDE (_end = .)
                0x000000002000e6b8                . = (. + 0x400)
 *fill*         0x000000002000e2b8      0x400 
                0x000000002000eeb8                . = (. + 0x800)
 *fill*         0x000000002000e6b8      0x800 
                0x000000002000eeb8                . = ALIGN (0x8)
OUTPUT(release/ipc_test.elf elf32-littlearm)
LOAD linker stubs

.ARM.attributes
                0x0000000000000000       0x2a
 .ARM.attributes
                0x0000000000000000       0x1e /usr/lib/gcc/arm-none-eabi/10.3.1/thumb/v7e-m/nofp/crti.o
 .ARM.attributes
                0x000000000000001e       0x2e /usr/lib/gcc/arm-none-eabi/10.3.1/../../../arm-none-eabi/lib/thumb/v7e-m/nofp/librdimon.a(rdimon-syscalls.o)
 .ARM.attributes
                0x000000000000004c       0x2e /usr/lib/gcc/arm-none-eabi/10.3.1/../../../arm-none-eabi/lib/thumb/v7e-m/nofp/libc.a(lib_a-errno.o)
 .ARM.attributes
                0x000000000000007a       0x2e /usr/lib/gcc/arm-none-eabi/10.3.1/../../../arm-none-eabi/lib/thumb/v7e-m/nofp/libc.a(lib_a-findfp.o)
 .ARM.attributes
                0x00000000000000a8       0x2e /usr/lib/gcc/arm-none-eabi/10.3.1/../../../arm-none-eabi/lib/thumb/v7e-m/nofp/libc.a(lib_a-fwalk.o)
 .ARM.attributes
                0x00000000000000d6       0x2e /usr/lib/gcc/arm-none-eabi/10.3.1/../../../arm-none-eabi/lib/thumb/v7e-m/nofp/libc.a(lib_a-impure.o)
 .ARM.attributes
                0x0000000000000104       0x2e /usr/lib/gcc/arm-none-eabi/10.3.1/../../../arm-none-eabi/lib/thumb/v7e-m/nofp/libc.a(lib_a-mallocr.o)
 .ARM.attributes
                0x0000000000000132       0x2e /usr/lib/gcc/arm-none-eabi/10.3.1/../../../arm-none-eabi/lib/thumb/v7e-m/nofp/libc.a(lib_a-memset.o)
 .ARM.attributes
                0x0000000000000160       0x2e /usr/lib/gcc/arm-none-eabi/10.3.1/../../../arm-none-eabi/lib/thumb/v7e-m/nofp/libc.a(lib_a-mlock.o)
 .ARM.attributes
                0x000000000000018e       0x2e /usr/lib/gcc/arm-none-eabi/10.3.1/../../../arm-none-eabi/lib/thumb/v7e-m/nofp/libc.a(lib_a-sbrkr.o)
 .ARM.attributes
                0x00000000000001bc       0x2e /usr/lib/gcc/arm-none-eabi/10.3.1/../../../arm-none-eabi/lib/thumb/v7e-m/nofp/libc.a(lib_a-stdio.o)
 .ARM.attributes
                0x00000000000001ea       0x1c /usr/lib/gcc/arm-none-eabi/10.3.1/../../../arm-none-eabi/lib/thumb/v7e-m/nofp/libc.a(lib_a-strlen.o)
 .ARM.attributes
                0x0000000000000206       0x2e /usr/lib/gcc/arm-none-eabi/10.3.1/../../../arm-none-eabi/lib/thumb/v7e-m/nofp/libc.a(lib_a-writer.o)
 .ARM.attributes
                0x0000000000000234       0x2e /usr/lib/gcc/arm-none-eabi/10.3.1/../../../arm-none-eabi/lib/thumb/v7e-m/nofp/libc.a(lib_a-closer.o)
 .ARM.attributes
                0x0000000000000262       0x2e /usr/lib/gcc/arm-none-eabi/10.3.1/../../../arm-none-eabi/lib/thumb/v7e-m/nofp/libc.a(lib_a-fclose.o)
 .ARM.attributes
                0x0000000000000290       0x2e /usr/lib/gcc/arm-none-eabi/10.3.1/../../../arm-none-eabi/lib/thumb/v7e-m/nofp/libc.a(lib_a-fflush.o)
 .ARM.attributes
                0x00000000000002be       0x2e /usr/lib/gcc/arm-none-eabi/10.3.1/../../../arm-none-eabi/lib/thumb/v7e-m/nofp/libc.a(lib_a-freer.o)
 .ARM.attributes
                0x00000000000002ec       0x2e /usr/lib/gcc/arm-none-eabi/10.3.1/../../../arm-none-eabi/lib/thumb/v7e-m/nofp/libc.a(lib_a-lseekr.o)
 .ARM.attributes
                0x000000000000031a       0x2e /usr/lib/gcc/arm-none-eabi/10.3.1/../../../arm-none-eabi/lib/thumb/v7e-m/nofp/libc.a(lib_a-readr.o)
 .ARM.attributes
                0x0000000000000348       0x2e /usr/lib/gcc/arm-none-eabi/10.3.1/../../../arm-none-eabi/lib/thumb/v7e-m/nofp/libc.a(lib_a-reent.o)
 .ARM.attributes
                0x0000000000000376       0x21 CMakeFiles/ipc_test.dir/startup_qemu.S.obj
 .ARM.attributes
                0x0000000000000397       0x2e CMakeFiles/ipc_test.dir/test_main.c.obj
 .ARM.attributes
                0x00000000000003c5       0x2e CMakeFiles/ipc_test.dir/test_ipc.c.obj
 .ARM.attributes
                0x00000000000003f3       0x2e CMakeFiles/ipc_test.dir/stubs.c.obj
 .ARM.attributes
                0x0000000000000421       0x2e CMakeFiles/ipc_test.dir/home/biswajex/DivyaDrishti/external/la9310-freertos/Source/portable/GCC/ARM_CM4/port.c.obj
 .ARM.attributes
                0x000000000000044f       0x2e CMakeFiles/ipc_test.dir/home/biswajex/DivyaDrishti/external/la9310-freertos/Source/portable/MemMang/heap_2.c.obj
 .ARM.attributes
                0x000000000000047d       0x2e CMakeFiles/ipc_test.dir/home/biswajex/DivyaDrishti/external/la9310-freertos/Source/list.c.obj
 .ARM.attributes
                0x00000000000004ab       0x2e CMakeFiles/ipc_test.dir/home/biswajex/DivyaDrishti/external/la9310-freertos/Source/queue.c.obj
 .ARM.attributes
                0x00000000000004d9       0x2e CMakeFiles/ipc_test.dir/home/biswajex/DivyaDrishti/external/la9310-freertos/Source/tasks.c.obj
 .ARM.attributes
                0x0000000000000507       0x2e CMakeFiles/ipc_test.dir/home/biswajex/DivyaDrishti/external/la9310-freertos/Source/timers.c.obj
 .ARM.attributes
                0x0000000000000535       0x2e CMakeFiles/ipc_test.dir/home/biswajex/DivyaDrishti/external/la9310-freertos/Demo/CORTEX_M4_NXP_LA9310_GCC/ipiQueue.c.obj
 .ARM.attributes
                0x0000000000000563       0x2e CMakeFiles/ipc_test.dir/home/biswajex/DivyaDrishti/external/la9310-freertos/Demo/CORTEX_M4_NXP_LA9310_GCC/ms_procx_comm.c.obj
 .ARM.attributes
                0x0000000000000591       0x2e CMakeFiles/ipc_test.dir/home/biswajex/DivyaDrishti/external/la9310-freertos/Demo/CORTEX_M4_NXP_LA9310_GCC/ms_l1_controller_fwk.c.obj
 .ARM.attributes
                0x00000000000005bf       0x33 CMakeFiles/ipc_test.dir/home/biswajex/DivyaDrishti/external/la9310-freertos/Demo/CORTEX_M4_NXP_LA9310_GCC/ms_globals.c.obj
 .ARM.attributes
                0x00000000000005f2       0x2e CMakeFiles/ipc_test.dir/home/biswajex/DivyaDrishti/external/la9310-freertos/Demo/CORTEX_M4_NXP_LA9310_GCC/ms_logger.c.obj
 .ARM.attributes
                0x0000000000000620       0x2e CMakeFiles/ipc_test.dir/home/biswajex/DivyaDrishti/external/la9310-freertos/Demo/CORTEX_M4_NXP_LA9310_GCC/freertos_compat.c.obj
 .ARM.attributes
                0x000000000000064e       0x2e ../../../../../../../Platform/PAL/install/pal/freertos-cm4/lib/libPAL.a(pal_msgq.c.obj)
 .ARM.attributes
                0x000000000000067c       0x2e ../../../../../../../Platform/PAL/install/pal/freertos-cm4/lib/libPAL.a(pal_sem.c.obj)
 .ARM.attributes
                0x00000000000006aa       0x2e ../../../../../../../Platform/PAL/install/pal/freertos-cm4/lib/libPAL.a(pmsgq.c.obj)
 .ARM.attributes
                0x00000000000006d8       0x2e ../../../../../../../Platform/PAL/install/pal/freertos-cm4/lib/libPAL.a(psem.c.obj)
 .ARM.attributes
                0x0000000000000706       0x1e /usr/lib/gcc/arm-none-eabi/10.3.1/thumb/v7e-m/nofp/libgcc.a(_aeabi_uldivmod.o)
 .ARM.attributes
                0x0000000000000724       0x2e /usr/lib/gcc/arm-none-eabi/10.3.1/thumb/v7e-m/nofp/libgcc.a(_udivmoddi4.o)
 .ARM.attributes
                0x0000000000000752       0x1e /usr/lib/gcc/arm-none-eabi/10.3.1/thumb/v7e-m/nofp/libgcc.a(_dvmd_tls.o)
 .ARM.attributes
                0x0000000000000770       0x2e /usr/lib/gcc/arm-none-eabi/10.3.1/../../../arm-none-eabi/lib/thumb/v7e-m/nofp/libg.a(lib_a-assert.o)
 .ARM.attributes
                0x000000000000079e       0x2e /usr/lib/gcc/arm-none-eabi/10.3.1/../../../arm-none-eabi/lib/thumb/v7e-m/nofp/libg.a(lib_a-fiprintf.o)
 .ARM.attributes
                0x00000000000007cc       0x1c /usr/lib/gcc/arm-none-eabi/10.3.1/../../../arm-none-eabi/lib/thumb/v7e-m/nofp/libg.a(lib_a-memcpy.o)
 .ARM.attributes
                0x00000000000007e8       0x2e /usr/lib/gcc/arm-none-eabi/10.3.1/../../../arm-none-eabi/lib/thumb/v7e-m/nofp/libg.a(lib_a-setvbuf.o)
 .ARM.attributes
                0x0000000000000816       0x2e /usr/lib/gcc/arm-none-eabi/10.3.1/../../../arm-none-eabi/lib/thumb/v7e-m/nofp/libg.a(lib_a-strncpy.o)
 .ARM.attributes
                0x0000000000000844       0x2e /usr/lib/gcc/arm-none-eabi/10.3.1/../../../arm-none-eabi/lib/thumb/v7e-m/nofp/libg.a(lib_a-vfiprintf.o)
 .ARM.attributes
                0x0000000000000872       0x2e /usr/lib/gcc/arm-none-eabi/10.3.1/../../../arm-none-eabi/lib/thumb/v7e-m/nofp/libg.a(lib_a-vprintf.o)
 .ARM.attributes
                0x00000000000008a0       0x2e /usr/lib/gcc/arm-none-eabi/10.3.1/../../../arm-none-eabi/lib/thumb/v7e-m/nofp/libg.a(lib_a-wsetup.o)
 .ARM.attributes
                0x00000000000008ce       0x2e /usr/lib/gcc/arm-none-eabi/10.3.1/../../../arm-none-eabi/lib/thumb/v7e-m/nofp/libg.a(lib_a-abort.o)
 .ARM.attributes
                0x00000000000008fc       0x2e /usr/lib/gcc/arm-none-eabi/10.3.1/../../../arm-none-eabi/lib/thumb/v7e-m/nofp/libg.a(lib_a-fputwc.o)
 .ARM.attributes
                0x000000000000092a       0x2e /usr/lib/gcc/arm-none-eabi/10.3.1/../../../arm-none-eabi/lib/thumb/v7e-m/nofp/libg.a(lib_a-fvwrite.o)
 .ARM.attributes
                0x0000000000000958       0x2e /usr/lib/gcc/arm-none-eabi/10.3.1/../../../arm-none-eabi/lib/thumb/v7e-m/nofp/libg.a(lib_a-locale.o)
 .ARM.attributes
                0x0000000000000986       0x2e /usr/lib/gcc/arm-none-eabi/10.3.1/../../../arm-none-eabi/lib/thumb/v7e-m/nofp/libg.a(lib_a-makebuf.o)
 .ARM.attributes
                0x00000000000009b4       0x2e /usr/lib/gcc/arm-none-eabi/10.3.1/../../../arm-none-eabi/lib/thumb/v7e-m/nofp/libg.a(lib_a-malloc.o)
 .ARM.attributes
                0x00000000000009e2       0x2e /usr/lib/gcc/arm-none-eabi/10.3.1/../../../arm-none-eabi/lib/thumb/v7e-m/nofp/libg.a(lib_a-mbtowc_r.o)
 .ARM.attributes
                0x0000000000000a10       0x1c /usr/lib/gcc/arm-none-eabi/10.3.1/../../../arm-none-eabi/lib/thumb/v7e-m/nofp/libg.a(lib_a-memchr.o)
 .ARM.attributes
                0x0000000000000a2c       0x2e /usr/lib/gcc/arm-none-eabi/10.3.1/../../../arm-none-eabi/lib/thumb/v7e-m/nofp/libg.a(lib_a-memmove.o)
 .ARM.attributes
                0x0000000000000a5a       0x2e /usr/lib/gcc/arm-none-eabi/10.3.1/../../../arm-none-eabi/lib/thumb/v7e-m/nofp/libg.a(lib_a-reallocr.o)
 .ARM.attributes
                0x0000000000000a88       0x2e /usr/lib/gcc/arm-none-eabi/10.3.1/../../../arm-none-eabi/lib/thumb/v7e-m/nofp/libg.a(lib_a-signal.o)
 .ARM.attributes
                0x0000000000000ab6       0x2e /usr/lib/gcc/arm-none-eabi/10.3.1/../../../arm-none-eabi/lib/thumb/v7e-m/nofp/libg.a(lib_a-signalr.o)
 .ARM.attributes
                0x0000000000000ae4       0x1c /usr/lib/gcc/arm-none-eabi/10.3.1/../../../arm-none-eabi/lib/thumb/v7e-m/nofp/libg.a(lib_a-strcmp.o)
 .ARM.attributes
                0x0000000000000b00       0x2e /usr/lib/gcc/arm-none-eabi/10.3.1/../../../arm-none-eabi/lib/thumb/v7e-m/nofp/libg.a(lib_a-vfprintf.o)
 .ARM.attributes
                0x0000000000000b2e       0x2e /usr/lib/gcc/arm-none-eabi/10.3.1/../../../arm-none-eabi/lib/thumb/v7e-m/nofp/libg.a(lib_a-wbuf.o)
 .ARM.attributes
                0x0000000000000b5c       0x2e /usr/lib/gcc/arm-none-eabi/10.3.1/../../../arm-none-eabi/lib/thumb/v7e-m/nofp/libg.a(lib_a-wcrtomb.o)
 .ARM.attributes
                0x0000000000000b8a       0x2e /usr/lib/gcc/arm-none-eabi/10.3.1/../../../arm-none-eabi/lib/thumb/v7e-m/nofp/libg.a(lib_a-wctomb_r.o)
 .ARM.attributes
                0x0000000000000bb8       0x2e /usr/lib/gcc/arm-none-eabi/10.3.1/../../../arm-none-eabi/lib/thumb/v7e-m/nofp/libg.a(lib_a-ctype_.o)
 .ARM.attributes
                0x0000000000000be6       0x2e /usr/lib/gcc/arm-none-eabi/10.3.1/../../../arm-none-eabi/lib/thumb/v7e-m/nofp/libg.a(lib_a-dtoa.o)
 .ARM.attributes
                0x0000000000000c14       0x2e /usr/lib/gcc/arm-none-eabi/10.3.1/../../../arm-none-eabi/lib/thumb/v7e-m/nofp/libg.a(lib_a-fstatr.o)
 .ARM.attributes
                0x0000000000000c42       0x2e /usr/lib/gcc/arm-none-eabi/10.3.1/../../../arm-none-eabi/lib/thumb/v7e-m/nofp/libg.a(lib_a-isattyr.o)
 .ARM.attributes
                0x0000000000000c70       0x2e /usr/lib/gcc/arm-none-eabi/10.3.1/../../../arm-none-eabi/lib/thumb/v7e-m/nofp/libg.a(lib_a-localeconv.o)
 .ARM.attributes
                0x0000000000000c9e       0x2e /usr/lib/gcc/arm-none-eabi/10.3.1/../../../arm-none-eabi/lib/thumb/v7e-m/nofp/libg.a(lib_a-mprec.o)
 .ARM.attributes
                0x0000000000000ccc       0x2e /usr/lib/gcc/arm-none-eabi/10.3.1/../../../arm-none-eabi/lib/thumb/v7e-m/nofp/libg.a(lib_a-callocr.o)
 .ARM.attributes
                0x0000000000000cfa       0x1e /usr/lib/gcc/arm-none-eabi/10.3.1/thumb/v7e-m/nofp/libgcc.a(_arm_addsubdf3.o)
 .ARM.attributes
                0x0000000000000d18       0x1e /usr/lib/gcc/arm-none-eabi/10.3.1/thumb/v7e-m/nofp/libgcc.a(_arm_muldivdf3.o)
 .ARM.attributes
                0x0000000000000d36       0x1e /usr/lib/gcc/arm-none-eabi/10.3.1/thumb/v7e-m/nofp/libgcc.a(_arm_cmpdf2.o)
 .ARM.attributes
                0x0000000000000d54       0x1e /usr/lib/gcc/arm-none-eabi/10.3.1/thumb/v7e-m/nofp/libgcc.a(_arm_unorddf2.o)
 .ARM.attributes
                0x0000000000000d72       0x1e /usr/lib/gcc/arm-none-eabi/10.3.1/thumb/v7e-m/nofp/libgcc.a(_arm_fixdfsi.o)
 .ARM.attributes
                0x0000000000000d90       0x2e /usr/lib/gcc/arm-none-eabi/10.3.1/../../../arm-none-eabi/lib/thumb/v7e-m/nofp/librdimon.a(rdimon-_exit.o)
 .ARM.attributes
                0x0000000000000dbe       0x2e /usr/lib/gcc/arm-none-eabi/10.3.1/../../../arm-none-eabi/lib/thumb/v7e-m/nofp/librdimon.a(rdimon-_kill.o)
 .ARM.attributes
                0x0000000000000dec       0x1e /usr/lib/gcc/arm-none-eabi/10.3.1/thumb/v7e-m/nofp/crtn.o

.comment        0x0000000000000000       0x59
 .comment       0x0000000000000000       0x33 /usr/lib/gcc/arm-none-eabi/10.3.1/../../../arm-none-eabi/lib/thumb/v7e-m/nofp/librdimon.a(rdimon-syscalls.o)
                                         0x34 (size before relaxing)
 .comment       0x0000000000000033       0x34 /usr/lib/gcc/arm-none-eabi/10.3.1/../../../arm-none-eabi/lib/thumb/v7e-m/nofp/libc.a(lib_a-errno.o)
 .comment       0x0000000000000033       0x34 /usr/lib/gcc/arm-none-eabi/10.3.1/../../../arm-none-eabi/lib/thumb/v7e-m/nofp/libc.a(lib_a-findfp.o)
 .comment       0x0000000000000033       0x34 /usr/lib/gcc/arm-none-eabi/10.3.1/../../../arm-none-eabi/lib/thumb/v7e-m/nofp/libc.a(lib_a-fwalk.o)
 .comment       0x0000000000000033       0x34 /usr/lib/gcc/arm-none-eabi/10.3.1/../../../arm-none-eabi/lib/thumb/v7e-m/nofp/libc.a(lib_a-impure.o)
 .comment       0x0000000000000033       0x34 /usr/lib/gcc/arm-none-eabi/10.3.1/../../../arm-none-eabi/lib/thumb/v7e-m/nofp/libc.a(lib_a-mallocr.o)
 .comment       0x0000000000000033       0x34 /usr/lib/gcc/arm-none-eabi/10.3.1/../../../arm-none-eabi/lib/thumb/v7e-m/nofp/libc.a(lib_a-memset.o)
 .comment       0x0000000000000033       0x34 /usr/lib/gcc/arm-none-eabi/10.3.1/../../../arm-none-eabi/lib/thumb/v7e-m/nofp/libc.a(lib_a-mlock.o)
 .comment       0x0000000000000033       0x34 /usr/lib/gcc/arm-none-eabi/10.3.1/../../../arm-none-eabi/lib/thumb/v7e-m/nofp/libc.a(lib_a-sbrkr.o)
 .comment       0x0000000000000033       0x34 /usr/lib/gcc/arm-none-eabi/10.3.1/../../../arm-none-eabi/lib/thumb/v7e-m/nofp/libc.a(lib_a-stdio.o)
 .comment       0x0000000000000033       0x34 /usr/lib/gcc/arm-none-eabi/10.3.1/../../../arm-none-eabi/lib/thumb/v7e-m/nofp/libc.a(lib_a-writer.o)
 .comment       0x0000000000000033       0x34 /usr/lib/gcc/arm-none-eabi/10.3.1/../../../arm-none-eabi/lib/thumb/v7e-m/nofp/libc.a(lib_a-closer.o)
 .comment       0x0000000000000033       0x34 /usr/lib/gcc/arm-none-eabi/10.3.1/../../../arm-none-eabi/lib/thumb/v7e-m/nofp/libc.a(lib_a-fclose.o)
 .comment       0x0000000000000033       0x34 /usr/lib/gcc/arm-none-eabi/10.3.1/../../../arm-none-eabi/lib/thumb/v7e-m/nofp/libc.a(lib_a-fflush.o)
 .comment       0x0000000000000033       0x34 /usr/lib/gcc/arm-none-eabi/10.3.1/../../../arm-none-eabi/lib/thumb/v7e-m/nofp/libc.a(lib_a-freer.o)
 .comment       0x0000000000000033       0x34 /usr/lib/gcc/arm-none-eabi/10.3.1/../../../arm-none-eabi/lib/thumb/v7e-m/nofp/libc.a(lib_a-lseekr.o)
 .comment       0x0000000000000033       0x34 /usr/lib/gcc/arm-none-eabi/10.3.1/../../../arm-none-eabi/lib/thumb/v7e-m/nofp/libc.a(lib_a-readr.o)
 .comment       0x0000000000000033       0x34 /usr/lib/gcc/arm-none-eabi/10.3.1/../../../arm-none-eabi/lib/thumb/v7e-m/nofp/libc.a(lib_a-reent.o)
 .comment       0x0000000000000033       0x34 CMakeFiles/ipc_test.dir/test_main.c.obj
 .comment       0x0000000000000033       0x34 CMakeFiles/ipc_test.dir/test_ipc.c.obj
 .comment       0x0000000000000033       0x34 CMakeFiles/ipc_test.dir/stubs.c.obj
 .comment       0x0000000000000033       0x34 CMakeFiles/ipc_test.dir/home/biswajex/DivyaDrishti/external/la9310-freertos/Source/portable/GCC/ARM_CM4/port.c.obj
 .comment       0x0000000000000033       0x34 CMakeFiles/ipc_test.dir/home/biswajex/DivyaDrishti/external/la9310-freertos/Source/portable/MemMang/heap_2.c.obj
 .comment       0x0000000000000033       0x34 CMakeFiles/ipc_test.dir/home/biswajex/DivyaDrishti/external/la9310-freertos/Source/list.c.obj
 .comment       0x0000000000000033       0x34 CMakeFiles/ipc_test.dir/home/biswajex/DivyaDrishti/external/la9310-freertos/Source/queue.c.obj
 .comment       0x0000000000000033       0x34 CMakeFiles/ipc_test.dir/home/biswajex/DivyaDrishti/external/la9310-freertos/Source/tasks.c.obj
 .comment       0x0000000000000033       0x34 CMakeFiles/ipc_test.dir/home/biswajex/DivyaDrishti/external/la9310-freertos/Source/timers.c.obj
 .comment       0x0000000000000033       0x34 CMakeFiles/ipc_test.dir/home/biswajex/DivyaDrishti/external/la9310-freertos/Demo/CORTEX_M4_NXP_LA9310_GCC/ipiQueue.c.obj
 .comment       0x0000000000000033       0x34 CMakeFiles/ipc_test.dir/home/biswajex/DivyaDrishti/external/la9310-freertos/Demo/CORTEX_M4_NXP_LA9310_GCC/ms_procx_comm.c.obj
 .comment       0x0000000000000033       0x34 CMakeFiles/ipc_test.dir/home/biswajex/DivyaDrishti/external/la9310-freertos/Demo/CORTEX_M4_NXP_LA9310_GCC/ms_l1_controller_fwk.c.obj
 .comment       0x0000000000000033       0x34 CMakeFiles/ipc_test.dir/home/biswajex/DivyaDrishti/external/la9310-freertos/Demo/CORTEX_M4_NXP_LA9310_GCC/ms_globals.c.obj
 .comment       0x0000000000000033       0x34 CMakeFiles/ipc_test.dir/home/biswajex/DivyaDrishti/external/la9310-freertos/Demo/CORTEX_M4_NXP_LA9310_GCC/ms_logger.c.obj
 .comment       0x0000000000000033       0x34 CMakeFiles/ipc_test.dir/home/biswajex/DivyaDrishti/external/la9310-freertos/Demo/CORTEX_M4_NXP_LA9310_GCC/freertos_compat.c.obj
 .comment       0x0000000000000033       0x26 ../../../../../../../Platform/PAL/install/pal/freertos-cm4/lib/libPAL.a(pal_msgq.c.obj)
                                         0x27 (size before relaxing)
 .comment       0x0000000000000059       0x27 ../../../../../../../Platform/PAL/install/pal/freertos-cm4/lib/libPAL.a(pal_sem.c.obj)
 .comment       0x0000000000000059       0x27 ../../../../../../../Platform/PAL/install/pal/freertos-cm4/lib/libPAL.a(pmsgq.c.obj)
 .comment       0x0000000000000059       0x27 ../../../../../../../Platform/PAL/install/pal/freertos-cm4/lib/libPAL.a(psem.c.obj)
 .comment       0x0000000000000059       0x34 /usr/lib/gcc/arm-none-eabi/10.3.1/thumb/v7e-m/nofp/libgcc.a(_udivmoddi4.o)
 .comment       0x0000000000000059       0x34 /usr/lib/gcc/arm-none-eabi/10.3.1/../../../arm-none-eabi/lib/thumb/v7e-m/nofp/libg.a(lib_a-assert.o)
 .comment       0x0000000000000059       0x34 /usr/lib/gcc/arm-none-eabi/10.3.1/../../../arm-none-eabi/lib/thumb/v7e-m/nofp/libg.a(lib_a-fiprintf.o)
 .comment       0x0000000000000059       0x34 /usr/lib/gcc/arm-none-eabi/10.3.1/../../../arm-none-eabi/lib/thumb/v7e-m/nofp/libg.a(lib_a-setvbuf.o)
 .comment       0x0000000000000059       0x34 /usr/lib/gcc/arm-none-eabi/10.3.1/../../../arm-none-eabi/lib/thumb/v7e-m/nofp/libg.a(lib_a-strncpy.o)
 .comment       0x0000000000000059       0x34 /usr/lib/gcc/arm-none-eabi/10.3.1/../../../arm-none-eabi/lib/thumb/v7e-m/nofp/libg.a(lib_a-vfiprintf.o)
 .comment       0x0000000000000059       0x34 /usr/lib/gcc/arm-none-eabi/10.3.1/../../../arm-none-eabi/lib/thumb/v7e-m/nofp/libg.a(lib_a-vprintf.o)
 .comment       0x0000000000000059       0x34 /usr/lib/gcc/arm-none-eabi/10.3.1/../../../arm-none-eabi/lib/thumb/v7e-m/nofp/libg.a(lib_a-wsetup.o)
 .comment       0x0000000000000059       0x34 /usr/lib/gcc/arm-none-eabi/10.3.1/../../../arm-none-eabi/lib/thumb/v7e-m/nofp/libg.a(lib_a-abort.o)
 .comment       0x0000000000000059       0x34 /usr/lib/gcc/arm-none-eabi/10.3.1/../../../arm-none-eabi/lib/thumb/v7e-m/nofp/libg.a(lib_a-fputwc.o)
 .comment       0x0000000000000059       0x34 /usr/lib/gcc/arm-none-eabi/10.3.1/../../../arm-none-eabi/lib/thumb/v7e-m/nofp/libg.a(lib_a-fvwrite.o)
 .comment       0x0000000000000059       0x34 /usr/lib/gcc/arm-none-eabi/10.3.1/../../../arm-none-eabi/lib/thumb/v7e-m/nofp/libg.a(lib_a-locale.o)
 .comment       0x0000000000000059       0x34 /usr/lib/gcc/arm-none-eabi/10.3.1/../../../arm-none-eabi/lib/thumb/v7e-m/nofp/libg.a(lib_a-makebuf.o)
 .comment       0x0000000000000059       0x34 /usr/lib/gcc/arm-none-eabi/10.3.1/../../../arm-none-eabi/lib/thumb/v7e-m/nofp/libg.a(lib_a-malloc.o)
 .comment       0x0000000000000059       0x34 /usr/lib/gcc/arm-none-eabi/10.3.1/../../../arm-none-eabi/lib/thumb/v7e-m/nofp/libg.a(lib_a-mbtowc_r.o)
 .comment       0x0000000000000059       0x34 /usr/lib/gcc/arm-none-eabi/10.3.1/../../../arm-none-eabi/lib/thumb/v7e-m/nofp/libg.a(lib_a-memmove.o)
 .comment       0x0000000000000059       0x34 /usr/lib/gcc/arm-none-eabi/10.3.1/../../../arm-none-eabi/lib/thumb/v7e-m/nofp/libg.a(lib_a-reallocr.o)
 .comment       0x0000000000000059       0x34 /usr/lib/gcc/arm-none-eabi/10.3.1/../../../arm-none-eabi/lib/thumb/v7e-m/nofp/libg.a(lib_a-signal.o)
 .comment       0x0000000000000059       0x34 /usr/lib/gcc/arm-none-eabi/10.3.1/../../../arm-none-eabi/lib/thumb/v7e-m/nofp/libg.a(lib_a-signalr.o)
 .comment       0x0000000000000059       0x34 /usr/lib/gcc/arm-none-eabi/10.3.1/../../../arm-none-eabi/lib/thumb/v7e-m/nofp/libg.a(lib_a-vfprintf.o)
 .comment       0x0000000000000059       0x34 /usr/lib/gcc/arm-none-eabi/10.3.1/../../../arm-none-eabi/lib/thumb/v7e-m/nofp/libg.a(lib_a-wbuf.o)
 .comment       0x0000000000000059       0x34 /usr/lib/gcc/arm-none-eabi/10.3.1/../../../arm-none-eabi/lib/thumb/v7e-m/nofp/libg.a(lib_a-wcrtomb.o)
 .comment       0x0000000000000059       0x34 /usr/lib/gcc/arm-none-eabi/10.3.1/../../../arm-none-eabi/lib/thumb/v7e-m/nofp/libg.a(lib_a-wctomb_r.o)
 .comment       0x0000000000000059       0x34 /usr/lib/gcc/arm-none-eabi/10.3.1/../../../arm-none-eabi/lib/thumb/v7e-m/nofp/libg.a(lib_a-ctype_.o)
 .comment       0x0000000000000059       0x34 /usr/lib/gcc/arm-none-eabi/10.3.1/../../../arm-none-eabi/lib/thumb/v7e-m/nofp/libg.a(lib_a-dtoa.o)
 .comment       0x0000000000000059       0x34 /usr/lib/gcc/arm-none-eabi/10.3.1/../../../arm-none-eabi/lib/thumb/v7e-m/nofp/libg.a(lib_a-fstatr.o)
 .comment       0x0000000000000059       0x34 /usr/lib/gcc/arm-none-eabi/10.3.1/../../../arm-none-eabi/lib/thumb/v7e-m/nofp/libg.a(lib_a-isattyr.o)
 .comment       0x0000000000000059       0x34 /usr/lib/gcc/arm-none-eabi/10.3.1/../../../arm-none-eabi/lib/thumb/v7e-m/nofp/libg.a(lib_a-localeconv.o)
 .comment       0x0000000000000059       0x34 /usr/lib/gcc/arm-none-eabi/10.3.1/../../../arm-none-eabi/lib/thumb/v7e-m/nofp/libg.a(lib_a-mprec.o)
 .comment       0x0000000000000059       0x34 /usr/lib/gcc/arm-none-eabi/10.3.1/../../../arm-none-eabi/lib/thumb/v7e-m/nofp/libg.a(lib_a-callocr.o)
 .comment       0x0000000000000059       0x34 /usr/lib/gcc/arm-none-eabi/10.3.1/../../../arm-none-eabi/lib/thumb/v7e-m/nofp/librdimon.a(rdimon-_exit.o)
 .comment       0x0000000000000059       0x34 /usr/lib/gcc/arm-none-eabi/10.3.1/../../../arm-none-eabi/lib/thumb/v7e-m/nofp/librdimon.a(rdimon-_kill.o)

.debug_info     0x0000000000000000    0x32332
 .debug_info    0x0000000000000000     0x30e0 /usr/lib/gcc/arm-none-eabi/10.3.1/../../../arm-none-eabi/lib/thumb/v7e-m/nofp/librdimon.a(rdimon-syscalls.o)
 .debug_info    0x00000000000030e0      0x914 /usr/lib/gcc/arm-none-eabi/10.3.1/../../../arm-none-eabi/lib/thumb/v7e-m/nofp/libc.a(lib_a-errno.o)
 .debug_info    0x00000000000039f4      0xf66 /usr/lib/gcc/arm-none-eabi/10.3.1/../../../arm-none-eabi/lib/thumb/v7e-m/nofp/libc.a(lib_a-findfp.o)
 .debug_info    0x000000000000495a      0xa66 /usr/lib/gcc/arm-none-eabi/10.3.1/../../../arm-none-eabi/lib/thumb/v7e-m/nofp/libc.a(lib_a-fwalk.o)
 .debug_info    0x00000000000053c0      0x92a /usr/lib/gcc/arm-none-eabi/10.3.1/../../../arm-none-eabi/lib/thumb/v7e-m/nofp/libc.a(lib_a-impure.o)
 .debug_info    0x0000000000005cea      0xe95 /usr/lib/gcc/arm-none-eabi/10.3.1/../../../arm-none-eabi/lib/thumb/v7e-m/nofp/libc.a(lib_a-mallocr.o)
 .debug_info    0x0000000000006b7f      0x137 /usr/lib/gcc/arm-none-eabi/10.3.1/../../../arm-none-eabi/lib/thumb/v7e-m/nofp/libc.a(lib_a-memset.o)
 .debug_info    0x0000000000006cb6      0x942 /usr/lib/gcc/arm-none-eabi/10.3.1/../../../arm-none-eabi/lib/thumb/v7e-m/nofp/libc.a(lib_a-mlock.o)
 .debug_info    0x00000000000075f8      0x98e /usr/lib/gcc/arm-none-eabi/10.3.1/../../../arm-none-eabi/lib/thumb/v7e-m/nofp/libc.a(lib_a-sbrkr.o)
 .debug_info    0x0000000000007f86      0xc22 /usr/lib/gcc/arm-none-eabi/10.3.1/../../../arm-none-eabi/lib/thumb/v7e-m/nofp/libc.a(lib_a-stdio.o)
 .debug_info    0x0000000000008ba8       0x26 /usr/lib/gcc/arm-none-eabi/10.3.1/../../../arm-none-eabi/lib/thumb/v7e-m/nofp/libc.a(lib_a-strlen.o)
 .debug_info    0x0000000000008bce      0x9c0 /usr/lib/gcc/arm-none-eabi/10.3.1/../../../arm-none-eabi/lib/thumb/v7e-m/nofp/libc.a(lib_a-writer.o)
 .debug_info    0x000000000000958e      0x96b /usr/lib/gcc/arm-none-eabi/10.3.1/../../../arm-none-eabi/lib/thumb/v7e-m/nofp/libc.a(lib_a-closer.o)
 .debug_info    0x0000000000009ef9      0xb4a /usr/lib/gcc/arm-none-eabi/10.3.1/../../../arm-none-eabi/lib/thumb/v7e-m/nofp/libc.a(lib_a-fclose.o)
 .debug_info    0x000000000000aa43      0xbe0 /usr/lib/gcc/arm-none-eabi/10.3.1/../../../arm-none-eabi/lib/thumb/v7e-m/nofp/libc.a(lib_a-fflush.o)
 .debug_info    0x000000000000b623      0xd10 /usr/lib/gcc/arm-none-eabi/10.3.1/../../../arm-none-eabi/lib/thumb/v7e-m/nofp/libc.a(lib_a-freer.o)
 .debug_info    0x000000000000c333      0x9a1 /usr/lib/gcc/arm-none-eabi/10.3.1/../../../arm-none-eabi/lib/thumb/v7e-m/nofp/libc.a(lib_a-lseekr.o)
 .debug_info    0x000000000000ccd4      0x9b9 /usr/lib/gcc/arm-none-eabi/10.3.1/../../../arm-none-eabi/lib/thumb/v7e-m/nofp/libc.a(lib_a-readr.o)
 .debug_info    0x000000000000d68d      0xbda /usr/lib/gcc/arm-none-eabi/10.3.1/../../../arm-none-eabi/lib/thumb/v7e-m/nofp/libc.a(lib_a-reent.o)
 .debug_info    0x000000000000e267       0x26 CMakeFiles/ipc_test.dir/startup_qemu.S.obj
 .debug_info    0x000000000000e28d      0xbf1 CMakeFiles/ipc_test.dir/test_main.c.obj
 .debug_info    0x000000000000ee7e      0xd2e CMakeFiles/ipc_test.dir/test_ipc.c.obj
 .debug_info    0x000000000000fbac      0x33b CMakeFiles/ipc_test.dir/stubs.c.obj
 .debug_info    0x000000000000fee7      0x4c1 CMakeFiles/ipc_test.dir/home/biswajex/DivyaDrishti/external/la9310-freertos/Source/portable/GCC/ARM_CM4/port.c.obj
 .debug_info    0x00000000000103a8      0x37b CMakeFiles/ipc_test.dir/home/biswajex/DivyaDrishti/external/la9310-freertos/Source/portable/MemMang/heap_2.c.obj
 .debug_info    0x0000000000010723      0x2c2 CMakeFiles/ipc_test.dir/home/biswajex/DivyaDrishti/external/la9310-freertos/Source/list.c.obj
 .debug_info    0x00000000000109e5     0x2a73 CMakeFiles/ipc_test.dir/home/biswajex/DivyaDrishti/external/la9310-freertos/Source/queue.c.obj
 .debug_info    0x0000000000013458     0x2d57 CMakeFiles/ipc_test.dir/home/biswajex/DivyaDrishti/external/la9310-freertos/Source/tasks.c.obj
 .debug_info    0x00000000000161af     0x184b CMakeFiles/ipc_test.dir/home/biswajex/DivyaDrishti/external/la9310-freertos/Source/timers.c.obj
 .debug_info    0x00000000000179fa     0x10db CMakeFiles/ipc_test.dir/home/biswajex/DivyaDrishti/external/la9310-freertos/Demo/CORTEX_M4_NXP_LA9310_GCC/ipiQueue.c.obj
 .debug_info    0x0000000000018ad5      0x27c CMakeFiles/ipc_test.dir/home/biswajex/DivyaDrishti/external/la9310-freertos/Demo/CORTEX_M4_NXP_LA9310_GCC/ms_procx_comm.c.obj
 .debug_info    0x0000000000018d51      0x5ed CMakeFiles/ipc_test.dir/home/biswajex/DivyaDrishti/external/la9310-freertos/Demo/CORTEX_M4_NXP_LA9310_GCC/ms_l1_controller_fwk.c.obj
 .debug_info    0x000000000001933e       0xfc CMakeFiles/ipc_test.dir/home/biswajex/DivyaDrishti/external/la9310-freertos/Demo/CORTEX_M4_NXP_LA9310_GCC/ms_globals.c.obj